../Core/Src/stm32u5xx_hal_msp.c:82:6:HAL_MspInit	16	static
../Core/Src/stm32u5xx_hal_msp.c:107:6:HAL_ADC_MspInit	48	static
../Core/Src/stm32u5xx_hal_msp.c:142:6:HAL_ADC_MspDeInit	16	static
../Core/Src/stm32u5xx_hal_msp.c:171:6:HAL_MDF_MspInit	160	static
../Core/Src/stm32u5xx_hal_msp.c:343:6:HAL_MDF_MspDeInit	16	static
../Core/Src/stm32u5xx_hal_msp.c:393:6:HAL_DAC_MspInit	248	static
../Core/Src/stm32u5xx_hal_msp.c:438:6:HAL_DAC_MspDeInit	16	static
../Core/Src/stm32u5xx_hal_msp.c:466:6:HAL_I2C_MspInit	272	static
../Core/Src/stm32u5xx_hal_msp.c:642:6:HAL_I2C_MspDeInit	16	static
../Core/Src/stm32u5xx_hal_msp.c:716:6:HAL_RTC_MspInit	224	static
../Core/Src/stm32u5xx_hal_msp.c:752:6:HAL_RTC_MspDeInit	16	static
../Core/Src/stm32u5xx_hal_msp.c:776:6:HAL_SD_MspInit	256	static
../Core/Src/stm32u5xx_hal_msp.c:838:6:HAL_SD_MspDeInit	16	static
../Core/Src/stm32u5xx_hal_msp.c:874:6:HAL_SPI_MspInit	280	static
../Core/Src/stm32u5xx_hal_msp.c:1075:6:HAL_SPI_MspDeInit	16	static
../Core/Src/stm32u5xx_hal_msp.c:1156:6:HAL_TIM_IC_MspInit	48	static
../Core/Src/stm32u5xx_hal_msp.c:1192:6:HAL_TIM_IC_MspDeInit	16	static
../Core/Src/stm32u5xx_hal_msp.c:1220:6:HAL_UART_MspInit	264	static
../Core/Src/stm32u5xx_hal_msp.c:1312:6:HAL_UART_MspDeInit	16	static
../Core/Src/stm32u5xx_hal_msp.c:1364:6:HAL_PCD_MspInit	256	static
../Core/Src/stm32u5xx_hal_msp.c:1423:6:HAL_PCD_MspDeInit	16	static
../Core/Src/stm32u5xx_hal_msp.c:1448:6:HAL_SAI_MspInit	248	static
../Core/Src/stm32u5xx_hal_msp.c:1519:6:HAL_SAI_MspDeInit	16	static
