arm-none-eabi-gcc -mcpu=cortex-m33 -mthumb -O0 -g -Wall -ffunction-sections -fdata-sections -DUSE_HAL_DRIVER -DSTM32U585xx -I. -Ithird_party/stm32_hal/Drivers/STM32U5xx_HAL_Driver/Inc -Ithird_party/stm32_hal/Drivers/STM32U5xx_HAL_Driver/Inc/Legacy -Ithird_party/stm32_hal/Drivers/CMSIS/Include -Ithird_party/stm32_hal/Drivers/CMSIS/Device/ST/STM32U5xx/Include -T linker.ld -Wl,--gc-sections -specs=nosys.specs startup.s main.c stm32u5xx_hal_msp.c stm32u5xx_it.c system_stm32u5xx.c third_party/stm32_hal/Drivers/STM32U5xx_HAL_Driver/Src/stm32u5xx_hal.c third_party/stm32_hal/Drivers/STM32U5xx_HAL_Driver/Src/stm32u5xx_hal_rcc.c third_party/stm32_hal/Drivers/STM32U5xx_HAL_Driver/Src/stm32u5xx_hal_rcc_ex.c third_party/stm32_hal/Drivers/STM32U5xx_HAL_Driver/Src/stm32u5xx_hal_gpio.c third_party/stm32_hal/Drivers/STM32U5xx_HAL_Driver/Src/stm32u5xx_hal_uart.c third_party/stm32_hal/Drivers/STM32U5xx_HAL_Driver/Src/stm32u5xx_hal_uart_ex.c third_party/stm32_hal/Drivers/STM32U5xx_HAL_Driver/Src/stm32u5xx_hal_cortex.c third_party/stm32_hal/Drivers/STM32U5xx_HAL_Driver/Src/stm32u5xx_hal_pwr.c third_party/stm32_hal/Drivers/STM32U5xx_HAL_Driver/Src/stm32u5xx_hal_pwr_ex.c third_party/stm32_hal/Drivers/STM32U5xx_HAL_Driver/Src/stm32u5xx_hal_flash.c third_party/stm32_hal/Drivers/STM32U5xx_HAL_Driver/Src/stm32u5xx_hal_flash_ex.c -o firmware.elf
/usr/lib/gcc/arm-none-eabi/13.2.1/../../../arm-none-eabi/bin/ld: /usr/lib/gcc/arm-none-eabi/13.2.1/../../../arm-none-eabi/lib/thumb/v8-m.main/nofp/libg.a(libc_a-closer.o): in function `_close_r':
/build/newlib-38V0JC/newlib-4.4.0.20231231/build/arm-none-eabi/thumb/v8-m.main/nofp/newlib/../../../../../../newlib/libc/reent/closer.c:47:(.text+0xc): warning: _close is not implemented and will always fail
/usr/lib/gcc/arm-none-eabi/13.2.1/../../../arm-none-eabi/bin/ld: /usr/lib/gcc/arm-none-eabi/13.2.1/../../../arm-none-eabi/lib/thumb/v8-m.main/nofp/libg.a(libc_a-closer.o): note: the message above does not take linker garbage collection into account
/usr/lib/gcc/arm-none-eabi/13.2.1/../../../arm-none-eabi/bin/ld: /usr/lib/gcc/arm-none-eabi/13.2.1/../../../arm-none-eabi/lib/thumb/v8-m.main/nofp/libg.a(libc_a-lseekr.o): in function `_lseek_r':
/build/newlib-38V0JC/newlib-4.4.0.20231231/build/arm-none-eabi/thumb/v8-m.main/nofp/newlib/../../../../../../newlib/libc/reent/lseekr.c:49:(.text+0x14): warning: _lseek is not implemented and will always fail
/usr/lib/gcc/arm-none-eabi/13.2.1/../../../arm-none-eabi/bin/ld: /usr/lib/gcc/arm-none-eabi/13.2.1/../../../arm-none-eabi/lib/thumb/v8-m.main/nofp/libg.a(libc_a-lseekr.o): note: the message above does not take linker garbage collection into account
/usr/lib/gcc/arm-none-eabi/13.2.1/../../../arm-none-eabi/bin/ld: /usr/lib/gcc/arm-none-eabi/13.2.1/../../../arm-none-eabi/lib/thumb/v8-m.main/nofp/libg.a(libc_a-readr.o): in function `_read_r':
/build/newlib-38V0JC/newlib-4.4.0.20231231/build/arm-none-eabi/thumb/v8-m.main/nofp/newlib/../../../../../../newlib/libc/reent/readr.c:49:(.text+0x14): warning: _read is not implemented and will always fail
/usr/lib/gcc/arm-none-eabi/13.2.1/../../../arm-none-eabi/bin/ld: /usr/lib/gcc/arm-none-eabi/13.2.1/../../../arm-none-eabi/lib/thumb/v8-m.main/nofp/libg.a(libc_a-readr.o): note: the message above does not take linker garbage collection into account
/usr/lib/gcc/arm-none-eabi/13.2.1/../../../arm-none-eabi/bin/ld: /usr/lib/gcc/arm-none-eabi/13.2.1/../../../arm-none-eabi/lib/thumb/v8-m.main/nofp/libg.a(libc_a-writer.o): in function `_write_r':
/build/newlib-38V0JC/newlib-4.4.0.20231231/build/arm-none-eabi/thumb/v8-m.main/nofp/newlib/../../../../../../newlib/libc/reent/writer.c:49:(.text+0x14): warning: _write is not implemented and will always fail
/usr/lib/gcc/arm-none-eabi/13.2.1/../../../arm-none-eabi/bin/ld: /usr/lib/gcc/arm-none-eabi/13.2.1/../../../arm-none-eabi/lib/thumb/v8-m.main/nofp/libg.a(libc_a-writer.o): note: the message above does not take linker garbage collection into account
arm-none-eabi-objcopy -O binary firmware.elf firmware.bin
