[verify] port=/dev/serial/by-id/usb-STMicroelectronics_STLINK-V3_0047001F3133511037363734-if01
[verify] baud=115200
[verify] token=b'STWINBX1_ON_LINE'
[verify] timeout=10.0s
[verify] ❌ timeout; last bytes=b''
