Archive member included to satisfy reference by file (symbol)

/usr/lib/gcc/arm-none-eabi/13.2.1/../../../arm-none-eabi/lib/thumb/v8-m.main+fp/hard/libc_nano.a(libc_a-init.o)
                              /usr/lib/gcc/arm-none-eabi/13.2.1/../../../arm-none-eabi/lib/thumb/v8-m.main+fp/hard/crt0.o (__libc_init_array)
/usr/lib/gcc/arm-none-eabi/13.2.1/../../../arm-none-eabi/lib/thumb/v8-m.main+fp/hard/libc_nano.a(libc_a-memset.o)
                              /usr/lib/gcc/arm-none-eabi/13.2.1/../../../arm-none-eabi/lib/thumb/v8-m.main+fp/hard/crt0.o (memset)
/usr/lib/gcc/arm-none-eabi/13.2.1/../../../arm-none-eabi/lib/thumb/v8-m.main+fp/hard/libc_nano.a(libc_a-errno.o)
                              ./Core/Src/syscalls.o (__errno)
/usr/lib/gcc/arm-none-eabi/13.2.1/../../../arm-none-eabi/lib/thumb/v8-m.main+fp/hard/libc_nano.a(libc_a-exit.o)
                              /usr/lib/gcc/arm-none-eabi/13.2.1/../../../arm-none-eabi/lib/thumb/v8-m.main+fp/hard/crt0.o (exit)
/usr/lib/gcc/arm-none-eabi/13.2.1/../../../arm-none-eabi/lib/thumb/v8-m.main+fp/hard/libc_nano.a(libc_a-atexit.o)
                              /usr/lib/gcc/arm-none-eabi/13.2.1/../../../arm-none-eabi/lib/thumb/v8-m.main+fp/hard/crt0.o (atexit)
/usr/lib/gcc/arm-none-eabi/13.2.1/../../../arm-none-eabi/lib/thumb/v8-m.main+fp/hard/libc_nano.a(libc_a-fini.o)
                              /usr/lib/gcc/arm-none-eabi/13.2.1/../../../arm-none-eabi/lib/thumb/v8-m.main+fp/hard/crt0.o (__libc_fini_array)
/usr/lib/gcc/arm-none-eabi/13.2.1/../../../arm-none-eabi/lib/thumb/v8-m.main+fp/hard/libc_nano.a(libc_a-impure.o)
                              /usr/lib/gcc/arm-none-eabi/13.2.1/../../../arm-none-eabi/lib/thumb/v8-m.main+fp/hard/libc_nano.a(libc_a-errno.o) (_impure_ptr)
/usr/lib/gcc/arm-none-eabi/13.2.1/../../../arm-none-eabi/lib/thumb/v8-m.main+fp/hard/libc_nano.a(libc_a-findfp.o)
                              /usr/lib/gcc/arm-none-eabi/13.2.1/../../../arm-none-eabi/lib/thumb/v8-m.main+fp/hard/libc_nano.a(libc_a-exit.o) (__stdio_exit_handler)
/usr/lib/gcc/arm-none-eabi/13.2.1/../../../arm-none-eabi/lib/thumb/v8-m.main+fp/hard/libc_nano.a(libc_a-fflush.o)
                              /usr/lib/gcc/arm-none-eabi/13.2.1/../../../arm-none-eabi/lib/thumb/v8-m.main+fp/hard/libc_nano.a(libc_a-findfp.o) (_fflush_r)
/usr/lib/gcc/arm-none-eabi/13.2.1/../../../arm-none-eabi/lib/thumb/v8-m.main+fp/hard/libc_nano.a(libc_a-mallocr.o)
                              /usr/lib/gcc/arm-none-eabi/13.2.1/../../../arm-none-eabi/lib/thumb/v8-m.main+fp/hard/libc_nano.a(libc_a-findfp.o) (_malloc_r)
/usr/lib/gcc/arm-none-eabi/13.2.1/../../../arm-none-eabi/lib/thumb/v8-m.main+fp/hard/libc_nano.a(libc_a-freer.o)
                              /usr/lib/gcc/arm-none-eabi/13.2.1/../../../arm-none-eabi/lib/thumb/v8-m.main+fp/hard/libc_nano.a(libc_a-fflush.o) (_free_r)
/usr/lib/gcc/arm-none-eabi/13.2.1/../../../arm-none-eabi/lib/thumb/v8-m.main+fp/hard/libc_nano.a(libc_a-fwalk.o)
                              /usr/lib/gcc/arm-none-eabi/13.2.1/../../../arm-none-eabi/lib/thumb/v8-m.main+fp/hard/libc_nano.a(libc_a-findfp.o) (_fwalk_sglue)
/usr/lib/gcc/arm-none-eabi/13.2.1/../../../arm-none-eabi/lib/thumb/v8-m.main+fp/hard/libc_nano.a(libc_a-__atexit.o)
                              /usr/lib/gcc/arm-none-eabi/13.2.1/../../../arm-none-eabi/lib/thumb/v8-m.main+fp/hard/libc_nano.a(libc_a-atexit.o) (__register_exitproc)
/usr/lib/gcc/arm-none-eabi/13.2.1/../../../arm-none-eabi/lib/thumb/v8-m.main+fp/hard/libc_nano.a(libc_a-mlock.o)
                              /usr/lib/gcc/arm-none-eabi/13.2.1/../../../arm-none-eabi/lib/thumb/v8-m.main+fp/hard/libc_nano.a(libc_a-mallocr.o) (__malloc_lock)
/usr/lib/gcc/arm-none-eabi/13.2.1/../../../arm-none-eabi/lib/thumb/v8-m.main+fp/hard/libc_nano.a(libc_a-sbrkr.o)
                              /usr/lib/gcc/arm-none-eabi/13.2.1/../../../arm-none-eabi/lib/thumb/v8-m.main+fp/hard/libc_nano.a(libc_a-mallocr.o) (_sbrk_r)
/usr/lib/gcc/arm-none-eabi/13.2.1/../../../arm-none-eabi/lib/thumb/v8-m.main+fp/hard/libc_nano.a(libc_a-stdio.o)
                              /usr/lib/gcc/arm-none-eabi/13.2.1/../../../arm-none-eabi/lib/thumb/v8-m.main+fp/hard/libc_nano.a(libc_a-findfp.o) (__sread)
/usr/lib/gcc/arm-none-eabi/13.2.1/../../../arm-none-eabi/lib/thumb/v8-m.main+fp/hard/libc_nano.a(libc_a-closer.o)
                              /usr/lib/gcc/arm-none-eabi/13.2.1/../../../arm-none-eabi/lib/thumb/v8-m.main+fp/hard/libc_nano.a(libc_a-stdio.o) (_close_r)
/usr/lib/gcc/arm-none-eabi/13.2.1/../../../arm-none-eabi/lib/thumb/v8-m.main+fp/hard/libc_nano.a(libc_a-__call_atexit.o)
                              /usr/lib/gcc/arm-none-eabi/13.2.1/../../../arm-none-eabi/lib/thumb/v8-m.main+fp/hard/libc_nano.a(libc_a-__atexit.o) (__call_exitprocs)
/usr/lib/gcc/arm-none-eabi/13.2.1/../../../arm-none-eabi/lib/thumb/v8-m.main+fp/hard/libc_nano.a(libc_a-readr.o)
[...]
Memory Configuration

Name             Origin             Length             Attributes
RAM              0x20000000         0x000c0000         xrw
SRAM4            0x28000000         0x00004000         xrw
FLASH            0x08000000         0x00200000         xr
*default*        0x00000000         0xffffffff

Linker script and memory map

LOAD /usr/lib/gcc/arm-none-eabi/13.2.1/thumb/v8-m.main+fp/hard/crti.o
LOAD /usr/lib/gcc/arm-none-eabi/13.2.1/thumb/v8-m.main+fp/hard/crtbegin.o
LOAD /usr/lib/gcc/arm-none-eabi/13.2.1/../../../arm-none-eabi/lib/thumb/v8-m.main+fp/hard/crt0.o
LOAD ./Core/Src/main.o
LOAD ./Core/Src/stm32u5xx_hal_msp.o
LOAD ./Core/Src/stm32u5xx_it.o
LOAD ./Core/Src/syscalls.o
LOAD ./Core/Src/sysmem.o
LOAD ./Core/Src/system_stm32u5xx.o
LOAD ./Core/Startup/startup_stm32u585aiixq.o
LOAD ./Drivers/STM32U5xx_HAL_Driver/Src/stm32u5xx_hal.o
LOAD ./Drivers/STM32U5xx_HAL_Driver/Src/stm32u5xx_hal_adc.o
LOAD ./Drivers/STM32U5xx_HAL_Driver/Src/stm32u5xx_hal_adc_ex.o
LOAD ./Drivers/STM32U5xx_HAL_Driver/Src/stm32u5xx_hal_cortex.o
LOAD ./Drivers/STM32U5xx_HAL_Driver/Src/stm32u5xx_hal_dac.o
LOAD ./Drivers/STM32U5xx_HAL_Driver/Src/stm32u5xx_hal_dac_ex.o
LOAD ./Drivers/STM32U5xx_HAL_Driver/Src/stm32u5xx_hal_dma.o
LOAD ./Drivers/STM32U5xx_HAL_Driver/Src/stm32u5xx_hal_dma_ex.o
LOAD ./Drivers/STM32U5xx_HAL_Driver/Src/stm32u5xx_hal_exti.o
LOAD ./Drivers/STM32U5xx_HAL_Driver/Src/stm32u5xx_hal_flash.o
LOAD ./Drivers/STM32U5xx_HAL_Driver/Src/stm32u5xx_hal_flash_ex.o
LOAD ./Drivers/STM32U5xx_HAL_Driver/Src/stm32u5xx_hal_gpio.o
LOAD ./Drivers/STM32U5xx_HAL_Driver/Src/stm32u5xx_hal_gtzc.o
LOAD ./Drivers/STM32U5xx_HAL_Driver/Src/stm32u5xx_hal_i2c.o
LOAD ./Drivers/STM32U5xx_HAL_Driver/Src/stm32u5xx_hal_i2c_ex.o
LOAD ./Drivers/STM32U5xx_HAL_Driver/Src/stm32u5xx_hal_icache.o
LOAD ./Drivers/STM32U5xx_HAL_Driver/Src/stm32u5xx_hal_mdf.o
LOAD ./Drivers/STM32U5xx_HAL_Driver/Src/stm32u5xx_hal_mmc.o
LOAD ./Drivers/STM32U5xx_HAL_Driver/Src/stm32u5xx_hal_mmc_ex.o
LOAD ./Drivers/STM32U5xx_HAL_Driver/Src/stm32u5xx_hal_pcd.o
LOAD ./Drivers/STM32U5xx_HAL_Driver/Src/stm32u5xx_hal_pcd_ex.o
LOAD ./Drivers/STM32U5xx_HAL_Driver/Src/stm32u5xx_hal_pwr.o
LOAD ./Drivers/STM32U5xx_HAL_Driver/Src/stm32u5xx_hal_pwr_ex.o
LOAD ./Drivers/STM32U5xx_HAL_Driver/Src/stm32u5xx_hal_rcc.o
LOAD ./Drivers/STM32U5xx_HAL_Driver/Src/stm32u5xx_hal_rcc_ex.o
LOAD ./Drivers/STM32U5xx_HAL_Driver/Src/stm32u5xx_hal_rtc.o
LOAD ./Drivers/STM32U5xx_HAL_Driver/Src/stm32u5xx_hal_rtc_ex.o
LOAD ./Drivers/STM32U5xx_HAL_Driver/Src/stm32u5xx_hal_sai.o
LOAD ./Drivers/STM32U5xx_HAL_Driver/Src/stm32u5xx_hal_sai_ex.o
LOAD ./Drivers/STM32U5xx_HAL_Driver/Src/stm32u5xx_hal_sd.o
LOAD ./Drivers/STM32U5xx_HAL_Driver/Src/stm32u5xx_hal_sd_ex.o
LOAD ./Drivers/STM32U5xx_HAL_Driver/Src/stm32u5xx_hal_sdio.o
LOAD ./Drivers/STM32U5xx_HAL_Driver/Src/stm32u5xx_hal_spi.o
LOAD ./Drivers/STM32U5xx_HAL_Driver/Src/stm32u5xx_hal_spi_ex.o
LOAD ./Drivers/STM32U5xx_HAL_Driver/Src/stm32u5xx_hal_tim.o
LOAD ./Drivers/STM32U5xx_HAL_Driver/Src/stm32u5xx_hal_tim_ex.o
LOAD ./Drivers/STM32U5xx_HAL_Driver/Src/stm32u5xx_hal_uart.o
LOAD ./Drivers/STM32U5xx_HAL_Driver/Src/stm32u5xx_hal_uart_ex.o
LOAD ./Drivers/STM32U5xx_HAL_Driver/Src/stm32u5xx_ll_dlyb.o
LOAD ./Drivers/STM32U5xx_HAL_Driver/Src/stm32u5xx_ll_sdmmc.o
LOAD ./Drivers/STM32U5xx_HAL_Driver/Src/stm32u5xx_ll_usb.o
START GROUP
LOAD /usr/lib/gcc/arm-none-eabi/13.2.1/../../../arm-none-eabi/lib/thumb/v8-m.main+fp/hard/libc_nano.a
LOAD /usr/lib/gcc/arm-none-eabi/13.2.1/../../../arm-none-eabi/lib/thumb/v8-m.main+fp/hard/libm.a
END GROUP
START GROUP
LOAD /usr/lib/gcc/arm-none-eabi/13.2.1/thumb/v8-m.main+fp/hard/libgcc.a
LOAD /usr/lib/gcc/arm-none-eabi/13.2.1/../../../arm-none-eabi/lib/thumb/v8-m.main+fp/hard/libc_nano.a
END GROUP
START GROUP
LOAD /usr/lib/gcc/arm-none-eabi/13.2.1/thumb/v8-m.main+fp/hard/libgcc.a
LOAD /usr/lib/gcc/arm-none-eabi/13.2.1/../../../arm-none-eabi/lib/thumb/v8-m.main+fp/hard/libc_nano.a
LOAD /usr/lib/gcc/arm-none-eabi/13.2.1/../../../arm-none-eabi/lib/thumb/v8-m.main+fp/hard/libnosys.a
END GROUP
START GROUP
LOAD /usr/lib/gcc/arm-none-eabi/13.2.1/thumb/v8-m.main+fp/hard/libgcc.a
LOAD /usr/lib/gcc/arm-none-eabi/13.2.1/../../../arm-none-eabi/lib/thumb/v8-m.main+fp/hard/libc_nano.a
LOAD /usr/lib/gcc/arm-none-eabi/13.2.1/../../../arm-none-eabi/lib/thumb/v8-m.main+fp/hard/libnosys.a
END GROUP
LOAD /usr/lib/gcc/arm-none-eabi/13.2.1/thumb/v8-m.main+fp/hard/crtend.o
LOAD /usr/lib/gcc/arm-none-eabi/13.2.1/thumb/v8-m.main+fp/hard/crtn.o
                0x200c0000                        _estack = (ORIGIN (RAM) + LENGTH (RAM))
                0x00000200                        _Min_Heap_Size = 0x200
                0x00000400                        _Min_Stack_Size = 0x400

.isr_vector     0x08000000      0x238
 *(.isr_vector)
 .isr_vector    0x08000000      0x238 ./Core/Startup/startup_stm32u585aiixq.o
                0x08000000                g_pfnVectors

.text           0x08000238     0x6c08
 *(.text)
 .text          0x08000238       0x8c /usr/lib/gcc/arm-none-eabi/13.2.1/thumb/v8-m.main+fp/hard/crtbegin.o
 .text          0x080002c4       0x50 /usr/lib/gcc/arm-none-eabi/13.2.1/../../../arm-none-eabi/lib/thumb/v8-m.main+fp/hard/libc_nano.a(libc_a-init.o)
                0x080002c4                __libc_init_array
 .text          0x08000314       0xa4 /usr/lib/gcc/arm-none-eabi/13.2.1/../../../arm-none-eabi/lib/thumb/v8-m.main+fp/hard/libc_nano.a(libc_a-memset.o)
                0x08000314                memset
 .text          0x080003b8       0x30 /usr/lib/gcc/arm-none-eabi/13.2.1/thumb/v8-m.main+fp/hard/libgcc.a(_aeabi_uldivmod.o)
                0x080003b8                __aeabi_uldivmod
 .text          0x080003e8      0x300 /usr/lib/gcc/arm-none-eabi/13.2.1/thumb/v8-m.main+fp/hard/libgcc.a(_udivmoddi4.o)
                0x080003e8                __udivmoddi4
 .text          0x080006e8        0x4 /usr/lib/gcc/arm-none-eabi/13.2.1/thumb/v8-m.main+fp/hard/libgcc.a(_dvmd_tls.o)
                0x080006e8                __aeabi_ldiv0
                0x080006e8                __aeabi_idiv0
 *(.text*)
 .text.main     0x080006ec       0xcc ./Core/Src/main.o
                0x080006ec                main
 .text.SystemClock_Config
                0x080007b8       0xca ./Core/Src/main.o
                0x080007b8                SystemClock_Config
 .text.SystemPower_Config
                0x08000882       0x10 ./Core/Src/main.o
 *fill*         0x08000892        0x2 
 .text.MX_USART2_UART_Init
                0x08000894       0x98 ./Core/Src/main.o
 .text.MX_GPIO_Init
                0x0800092c       0x6c ./Core/Src/main.o
 .text.Error_Handler
                0x08000998       0x78 ./Core/Src/main.o
                0x08000998                Error_Handler
 .text.HAL_MspInit
                0x08000a10       0x3c ./Core/Src/stm32u5xx_hal_msp.o
                0x08000a10                HAL_MspInit
 .text.HAL_UART_MspInit
                0x08000a4c      0x1b8 ./Core/Src/stm32u5xx_hal_msp.o
                0x08000a4c                HAL_UART_MspInit
 .text.NMI_Handler
                0x08000c04        0x8 ./Core/Src/stm32u5xx_it.o
                0x08000c04                NMI_Handler
 .text.HardFault_Handler
                0x08000c0c        0x8 ./Core/Src/stm32u5xx_it.o
                0x08000c0c                HardFault_Handler
 .text.MemManage_Handler
                0x08000c14        0x8 ./Core/Src/stm32u5xx_it.o
                0x08000c14                MemManage_Handler
 .text.BusFault_Handler
                0x08000c1c        0x8 ./Core/Src/stm32u5xx_it.o
                0x08000c1c                BusFault_Handler
 .text.UsageFault_Handler
                0x08000c24        0x8 ./Core/Src/stm32u5xx_it.o
                0x08000c24                UsageFault_Handler
 .text.SVC_Handler
                0x08000c2c        0xe ./Core/Src/stm32u5xx_it.o
                0x08000c2c                SVC_Handler
 .text.DebugMon_Handler
                0x08000c3a        0xe ./Core/Src/stm32u5xx_it.o
                0x08000c3a                DebugMon_Handler
 .text.PendSV_Handler
                0x08000c48        0xe ./Core/Src/stm32u5xx_it.o
                0x08000c48                PendSV_Handler
 .text.SysTick_Handler
                0x08000c56        0xc ./Core/Src/stm32u5xx_it.o
                0x08000c56                SysTick_Handler
 .text.EXTI0_IRQHandler
                0x08000c62        0xe ./Core/Src/stm32u5xx_it.o
                0x08000c62                EXTI0_IRQHandler
 .text.EXTI1_IRQHandler
                0x08000c70        0xe ./Core/Src/stm32u5xx_it.o
                0x08000c70                EXTI1_IRQHandler
 .text.EXTI2_IRQHandler
                0x08000c7e        0xe ./Core/Src/stm32u5xx_it.o
                0x08000c7e                EXTI2_IRQHandler
 .text.EXTI3_IRQHandler
                0x08000c8c        0xe ./Core/Src/stm32u5xx_it.o
                0x08000c8c                EXTI3_IRQHandler
 .text.EXTI4_IRQHandler
                0x08000c9a        0xe ./Core/Src/stm32u5xx_it.o
                0x08000c9a                EXTI4_IRQHandler
 .text.EXTI5_IRQHandler
                0x08000ca8        0xe ./Core/Src/stm32u5xx_it.o
                0x08000ca8                EXTI5_IRQHandler
 .text.EXTI6_IRQHandler
                0x08000cb6        0xe ./Core/Src/stm32u5xx_it.o
                0x08000cb6                EXTI6_IRQHandler
 .text.EXTI7_IRQHandler
                0x08000cc4        0xe ./Core/Src/stm32u5xx_it.o
                0x08000cc4                EXTI7_IRQHandler
 .text.EXTI8_IRQHandler
                0x08000cd2       0x10 ./Core/Src/stm32u5xx_it.o
                0x08000cd2                EXTI8_IRQHandler
 .text.EXTI9_IRQHandler
                0x08000ce2       0x10 ./Core/Src/stm32u5xx_it.o
                0x08000ce2                EXTI9_IRQHandler
 .text.EXTI10_IRQHandler
                0x08000cf2       0x10 ./Core/Src/stm32u5xx_it.o
                0x08000cf2                EXTI10_IRQHandler
 .text.EXTI11_IRQHandler
                0x08000d02       0x10 ./Core/Src/stm32u5xx_it.o
                0x08000d02                EXTI11_IRQHandler
 .text.EXTI13_IRQHandler
                0x08000d12       0x10 ./Core/Src/stm32u5xx_it.o
                0x08000d12                EXTI13_IRQHandler
 .text.EXTI14_IRQHandler
                0x08000d22       0x10 ./Core/Src/stm32u5xx_it.o
                0x08000d22                EXTI14_IRQHandler
 *fill*         0x08000d32        0x2 
 .text.GPDMA1_Channel0_IRQHandler
                0x08000d34       0x14 ./Core/Src/stm32u5xx_it.o
                0x08000d34                GPDMA1_Channel0_IRQHandler
 .text.GPDMA1_Channel1_IRQHandler
                0x08000d48       0x14 ./Core/Src/stm32u5xx_it.o
                0x08000d48                GPDMA1_Channel1_IRQHandler
 .text.GPDMA1_Channel2_IRQHandler
                0x08000d5c       0x14 ./Core/Src/stm32u5xx_it.o
                0x08000d5c                GPDMA1_Channel2_IRQHandler
 .text.GPDMA1_Channel3_IRQHandler
                0x08000d70       0x14 ./Core/Src/stm32u5xx_it.o
                0x08000d70                GPDMA1_Channel3_IRQHandler
 .text.GPDMA1_Channel4_IRQHandler
                0x08000d84       0x14 ./Core/Src/stm32u5xx_it.o
                0x08000d84                GPDMA1_Channel4_IRQHandler
 .text.GPDMA1_Channel5_IRQHandler
                0x08000d98       0x14 ./Core/Src/stm32u5xx_it.o
                0x08000d98                GPDMA1_Channel5_IRQHandler
 .text.SPI2_IRQHandler
                0x08000dac       0x14 ./Core/Src/stm32u5xx_it.o
                0x08000dac                SPI2_IRQHandler
 .text.SystemInit
                0x08000dc0       0x70 ./Core/Src/system_stm32u5xx.o
                0x08000dc0                SystemInit
 .text.Reset_Handler
                0x08000e30       0x50 ./Core/Startup/startup_stm32u585aiixq.o
                0x08000e30                Reset_Handler
 .text.Default_Handler
                0x08000e80        0x2 ./Core/Startup/startup_stm32u585aiixq.o
                0x08000e80                TIM8_TRG_COM_IRQHandler
                0x08000e80                TIM8_CC_IRQHandler
                0x08000e80                FLASH_S_IRQHandler
                0x08000e80                TIM1_CC_IRQHandler
                0x08000e80                TSC_IRQHandler
                0x08000e80                TAMP_IRQHandler
                0x08000e80                TIM6_IRQHandler
                0x08000e80                EXTI12_IRQHandler
                0x08000e80                CORDIC_IRQHandler
                0x08000e80                LPTIM4_IRQHandler
                0x08000e80                LPTIM2_IRQHandler
                0x08000e80                I2C3_ER_IRQHandler
                0x08000e80                PWR_S3WU_IRQHandler
                0x08000e80                MDF1_FLT2_IRQHandler
                0x08000e80                LPDMA1_Channel3_IRQHandler
                0x08000e80                LPTIM3_IRQHandler
                0x08000e80                I2C2_EV_IRQHandler
                0x08000e80                FPU_IRQHandler
                0x08000e80                GPDMA1_Channel7_IRQHandler
                0x08000e80                MDF1_FLT4_IRQHandler
                0x08000e80                FDCAN1_IT1_IRQHandler
                0x08000e80                RAMCFG_IRQHandler
                0x08000e80                GPDMA1_Channel9_IRQHandler
                0x08000e80                DCACHE1_IRQHandler
                0x08000e80                SPI1_IRQHandler
                0x08000e80                OCTOSPI1_IRQHandler
                0x08000e80                TIM8_UP_IRQHandler
                0x08000e80                RCC_S_IRQHandler
                0x08000e80                OCTOSPI2_IRQHandler
                0x08000e80                SAI2_IRQHandler
                0x08000e80                MDF1_FLT1_IRQHandler
                0x08000e80                ADC1_IRQHandler
                0x08000e80                PKA_IRQHandler
                0x08000e80                MDF1_FLT5_IRQHandler
                0x08000e80                EXTI15_IRQHandler
                0x08000e80                TIM17_IRQHandler
                0x08000e80                USART3_IRQHandler
                0x08000e80                RTC_IRQHandler
                0x08000e80                UART5_IRQHandler
                0x08000e80                TIM4_IRQHandler
                0x08000e80                I2C1_EV_IRQHandler
                0x08000e80                GPDMA1_Channel12_IRQHandler
                0x08000e80                TIM16_IRQHandler
                0x08000e80                GPDMA1_Channel15_IRQHandler
                0x08000e80                UART4_IRQHandler
                0x08000e80                SecureFault_Handler
                0x08000e80                TIM3_IRQHandler
                0x08000e80                RCC_IRQHandler
                0x08000e80                TIM1_TRG_COM_IRQHandler
                0x08000e80                Default_Handler
                0x08000e80                GPDMA1_Channel8_IRQHandler
                0x08000e80                FMAC_IRQHandler
                0x08000e80                OTFDEC1_IRQHandler
                0x08000e80                GPDMA1_Channel11_IRQHandler
                0x08000e80                TIM7_IRQHandler
                0x08000e80                SDMMC1_IRQHandler
                0x08000e80                SAES_IRQHandler
                0x08000e80                TIM5_IRQHandler
                0x08000e80                UCPD1_IRQHandler
                0x08000e80                TIM15_IRQHandler
                0x08000e80                I2C3_EV_IRQHandler
                0x08000e80                LPDMA1_Channel0_IRQHandler
                0x08000e80                PVD_PVM_IRQHandler
                0x08000e80                LPDMA1_Channel1_IRQHandler
                0x08000e80                OTFDEC2_IRQHandler
                0x08000e80                CRS_IRQHandler
                0x08000e80                GPDMA1_Channel14_IRQHandler
                0x08000e80                LSECSSD_IRQHandler
                0x08000e80                RTC_S_IRQHandler
                0x08000e80                GPDMA1_Channel13_IRQHandler
                0x08000e80                RNG_IRQHandler
                0x08000e80                COMP_IRQHandler
                0x08000e80                TIM1_UP_IRQHandler
                0x08000e80                ADC4_IRQHandler
                0x08000e80                WWDG_IRQHandler
                0x08000e80                I2C4_EV_IRQHandler
                0x08000e80                ADF1_IRQHandler
                0x08000e80                IWDG_IRQHandler
                0x08000e80                LPUART1_IRQHandler
                0x08000e80                MDF1_FLT0_IRQHandler
                0x08000e80                FDCAN1_IT0_IRQHandler
                0x08000e80                TIM2_IRQHandler
                0x08000e80                DMA2D_IRQHandler
                0x08000e80                TIM1_BRK_IRQHandler
                0x08000e80                SDMMC2_IRQHandler
                0x08000e80                AES_IRQHandler
                0x08000e80                DAC1_IRQHandler
                0x08000e80                GTZC_IRQHandler
                0x08000e80                MDF1_FLT3_IRQHandler
                0x08000e80                USART2_IRQHandler
                0x08000e80                GPDMA1_Channel6_IRQHandler
                0x08000e80                I2C2_ER_IRQHandler
                0x08000e80                TIM8_BRK_IRQHandler
                0x08000e80                FLASH_IRQHandler
                0x08000e80                USART1_IRQHandler
                0x08000e80                OTG_FS_IRQHandler
                0x08000e80                SPI3_IRQHandler
                0x08000e80                LPDMA1_Channel2_IRQHandler
                0x08000e80                I2C1_ER_IRQHandler
                0x08000e80                FMC_IRQHandler
                0x08000e80                LPTIM1_IRQHandler
                0x08000e80                DCMI_PSSI_IRQHandler
                0x08000e80                I2C4_ER_IRQHandler
                0x08000e80                GPDMA1_Channel10_IRQHandler
                0x08000e80                ICACHE_IRQHandler
                0x08000e80                SAI1_IRQHandler
                0x08000e80                HASH_IRQHandler
 *fill*         0x08000e82        0x2 
 .text.HAL_Init
                0x08000e84       0x60 ./Drivers/STM32U5xx_HAL_Driver/Src/stm32u5xx_hal.o
                0x08000e84                HAL_Init
 .text.HAL_InitTick
                0x08000ee4       0xec ./Drivers/STM32U5xx_HAL_Driver/Src/stm32u5xx_hal.o
                0x08000ee4                HAL_InitTick
 .text.HAL_IncTick
                0x08000fd0       0x28 ./Drivers/STM32U5xx_HAL_Driver/Src/stm32u5xx_hal.o
                0x08000fd0                HAL_IncTick
 .text.HAL_GetTick
                0x08000ff8       0x18 ./Drivers/STM32U5xx_HAL_Driver/Src/stm32u5xx_hal.o
                0x08000ff8                HAL_GetTick
 .text.HAL_Delay
                0x08001010       0x48 ./Drivers/STM32U5xx_HAL_Driver/Src/stm32u5xx_hal.o
                0x08001010                HAL_Delay
 .text.__NVIC_SetPriorityGrouping
                0x08001058       0x48 ./Drivers/STM32U5xx_HAL_Driver/Src/stm32u5xx_hal_cortex.o
 .text.__NVIC_GetPriorityGrouping
                0x080010a0       0x1c ./Drivers/STM32U5xx_HAL_Driver/Src/stm32u5xx_hal_cortex.o
 .text.__NVIC_SetPriority
                0x080010bc       0x54 ./Drivers/STM32U5xx_HAL_Driver/Src/stm32u5xx_hal_cortex.o
 .text.NVIC_EncodePriority
                0x08001110       0x66 ./Drivers/STM32U5xx_HAL_Driver/Src/stm32u5xx_hal_cortex.o
 .text.HAL_NVIC_SetPriorityGrouping
                0x08001176       0x16 ./Drivers/STM32U5xx_HAL_Driver/Src/stm32u5xx_hal_cortex.o
                0x08001176                HAL_NVIC_SetPriorityGrouping
 .text.HAL_NVIC_SetPriority
                0x0800118c       0x34 ./Drivers/STM32U5xx_HAL_Driver/Src/stm32u5xx_hal_cortex.o
                0x0800118c                HAL_NVIC_SetPriority
 .text.HAL_SYSTICK_Config
                0x080011c0       0x44 ./Drivers/STM32U5xx_HAL_Driver/Src/stm32u5xx_hal_cortex.o
                0x080011c0                HAL_SYSTICK_Config
 .text.HAL_SYSTICK_CLKSourceConfig
                0x08001204       0xb0 ./Drivers/STM32U5xx_HAL_Driver/Src/stm32u5xx_hal_cortex.o
                0x08001204                HAL_SYSTICK_CLKSourceConfig
 .text.HAL_SYSTICK_GetCLKSourceConfig
                0x080012b4       0x74 ./Drivers/STM32U5xx_HAL_Driver/Src/stm32u5xx_hal_cortex.o
                0x080012b4                HAL_SYSTICK_GetCLKSourceConfig
 .text.HAL_DMA_Abort_IT
                0x08001328       0x52 ./Drivers/STM32U5xx_HAL_Driver/Src/stm32u5xx_hal_dma.o
                0x08001328                HAL_DMA_Abort_IT
 .text.HAL_DMA_IRQHandler
                0x0800137a      0x2c2 ./Drivers/STM32U5xx_HAL_Driver/Src/stm32u5xx_hal_dma.o
                0x0800137a                HAL_DMA_IRQHandler
 .text.HAL_GPIO_Init
                0x0800163c      0x3c0 ./Drivers/STM32U5xx_HAL_Driver/Src/stm32u5xx_hal_gpio.o
                0x0800163c                HAL_GPIO_Init
 .text.HAL_GPIO_DeInit
                0x080019fc      0x1bc ./Drivers/STM32U5xx_HAL_Driver/Src/stm32u5xx_hal_gpio.o
                0x080019fc                HAL_GPIO_DeInit
 .text.HAL_GPIO_WritePin
                0x08001bb8       0x30 ./Drivers/STM32U5xx_HAL_Driver/Src/stm32u5xx_hal_gpio.o
                0x08001bb8                HAL_GPIO_WritePin
 .text.HAL_GPIO_TogglePin
                0x08001be8       0x34 ./Drivers/STM32U5xx_HAL_Driver/Src/stm32u5xx_hal_gpio.o
                0x08001be8                HAL_GPIO_TogglePin
 .text.HAL_GPIO_EXTI_IRQHandler
                0x08001c1c       0x4c ./Drivers/STM32U5xx_HAL_Driver/Src/stm32u5xx_hal_gpio.o
                0x08001c1c                HAL_GPIO_EXTI_IRQHandler
 .text.HAL_GPIO_EXTI_Rising_Callback
                0x08001c68       0x16 ./Drivers/STM32U5xx_HAL_Driver/Src/stm32u5xx_hal_gpio.o
                0x08001c68                HAL_GPIO_EXTI_Rising_Callback
 .text.HAL_GPIO_EXTI_Falling_Callback
                0x08001c7e       0x16 ./Drivers/STM32U5xx_HAL_Driver/Src/stm32u5xx_hal_gpio.o
                0x08001c7e                HAL_GPIO_EXTI_Falling_Callback
 .text.HAL_PWREx_ControlVoltageScaling
                0x08001c94       0xfc ./Drivers/STM32U5xx_HAL_Driver/Src/stm32u5xx_hal_pwr_ex.o
                0x08001c94                HAL_PWREx_ControlVoltageScaling
 .text.HAL_PWREx_GetVoltageRange
                0x08001d90       0x1c ./Drivers/STM32U5xx_HAL_Driver/Src/stm32u5xx_hal_pwr_ex.o
                0x08001d90                HAL_PWREx_GetVoltageRange
 .text.HAL_PWREx_EnableVddUSB
                0x08001dac       0x20 ./Drivers/STM32U5xx_HAL_Driver/Src/stm32u5xx_hal_pwr_ex.o
                0x08001dac                HAL_PWREx_EnableVddUSB
 .text.HAL_PWREx_EnableVddIO2
                0x08001dcc       0x20 ./Drivers/STM32U5xx_HAL_Driver/Src/stm32u5xx_hal_pwr_ex.o
                0x08001dcc                HAL_PWREx_EnableVddIO2
 .text.HAL_PWREx_EnableVddA
                0x08001dec       0x20 ./Drivers/STM32U5xx_HAL_Driver/Src/stm32u5xx_hal_pwr_ex.o
                0x08001dec                HAL_PWREx_EnableVddA
 .text.HAL_PWREx_DisableUCPDDeadBattery
                0x08001e0c       0x20 ./Drivers/STM32U5xx_HAL_Driver/Src/stm32u5xx_hal_pwr_ex.o
                0x08001e0c                HAL_PWREx_DisableUCPDDeadBattery
 .text.HAL_RCC_OscConfig
                0x08001e2c      0xdb8 ./Drivers/STM32U5xx_HAL_Driver/Src/stm32u5xx_hal_rcc.o
                0x08001e2c                HAL_RCC_OscConfig
 .text.HAL_RCC_ClockConfig
                0x08002be4      0x3e4 ./Drivers/STM32U5xx_HAL_Driver/Src/stm32u5xx_hal_rcc.o
                0x08002be4                HAL_RCC_ClockConfig
 .text.HAL_RCC_GetSysClockFreq
                0x08002fc8      0x204 ./Drivers/STM32U5xx_HAL_Driver/Src/stm32u5xx_hal_rcc.o
                0x08002fc8                HAL_RCC_GetSysClockFreq
 .text.HAL_RCC_GetHCLKFreq
                0x080031cc       0x34 ./Drivers/STM32U5xx_HAL_Driver/Src/stm32u5xx_hal_rcc.o
                0x080031cc                HAL_RCC_GetHCLKFreq
 .text.HAL_RCC_GetPCLK1Freq
                0x08003200       0x28 ./Drivers/STM32U5xx_HAL_Driver/Src/stm32u5xx_hal_rcc.o
                0x08003200                HAL_RCC_GetPCLK1Freq
 .text.HAL_RCC_GetPCLK2Freq
                0x08003228       0x28 ./Drivers/STM32U5xx_HAL_Driver/Src/stm32u5xx_hal_rcc.o
                0x08003228                HAL_RCC_GetPCLK2Freq
 .text.HAL_RCC_GetPCLK3Freq
                0x08003250       0x28 ./Drivers/STM32U5xx_HAL_Driver/Src/stm32u5xx_hal_rcc.o
                0x08003250                HAL_RCC_GetPCLK3Freq
 .text.RCC_SetFlashLatencyFromMSIRange
                0x08003278      0x10c ./Drivers/STM32U5xx_HAL_Driver/Src/stm32u5xx_hal_rcc.o
 .text.HAL_RCCEx_PeriphCLKConfig
                0x08003384      0xb80 ./Drivers/STM32U5xx_HAL_Driver/Src/stm32u5xx_hal_rcc_ex.o
                0x08003384                HAL_RCCEx_PeriphCLKConfig
 .text.HAL_RCCEx_GetPLL1ClockFreq
                0x08003f04      0x2b4 ./Drivers/STM32U5xx_HAL_Driver/Src/stm32u5xx_hal_rcc_ex.o
                0x08003f04                HAL_RCCEx_GetPLL1ClockFreq
 .text.HAL_RCCEx_GetPLL2ClockFreq
                0x080041b8      0x2b4 ./Drivers/STM32U5xx_HAL_Driver/Src/stm32u5xx_hal_rcc_ex.o
                0x080041b8                HAL_RCCEx_GetPLL2ClockFreq
 .text.HAL_RCCEx_GetPLL3ClockFreq
                0x0800446c      0x2b4 ./Drivers/STM32U5xx_HAL_Driver/Src/stm32u5xx_hal_rcc_ex.o
                0x0800446c                HAL_RCCEx_GetPLL3ClockFreq
 .text.HAL_RCCEx_GetPeriphCLKFreq
                0x08004720     0x13c4 ./Drivers/STM32U5xx_HAL_Driver/Src/stm32u5xx_hal_rcc_ex.o
                0x08004720                HAL_RCCEx_GetPeriphCLKFreq
 .text.RCCEx_PLL2_Config
                0x08005ae4      0x130 ./Drivers/STM32U5xx_HAL_Driver/Src/stm32u5xx_hal_rcc_ex.o
 .text.RCCEx_PLL3_Config
                0x08005c14      0x130 ./Drivers/STM32U5xx_HAL_Driver/Src/stm32u5xx_hal_rcc_ex.o
 .text.HAL_SPI_IRQHandler
                0x08005d44      0x3a8 ./Drivers/STM32U5xx_HAL_Driver/Src/stm32u5xx_hal_spi.o
                0x08005d44                HAL_SPI_IRQHandler
 .text.HAL_SPI_TxCpltCallback
                0x080060ec       0x14 ./Drivers/STM32U5xx_HAL_Driver/Src/stm32u5xx_hal_spi.o
                0x080060ec                HAL_SPI_TxCpltCallback
 .text.HAL_SPI_RxCpltCallback
                0x08006100       0x14 ./Drivers/STM32U5xx_HAL_Driver/Src/stm32u5xx_hal_spi.o
                0x08006100                HAL_SPI_RxCpltCallback
 .text.HAL_SPI_TxRxCpltCallback
                0x08006114       0x14 ./Drivers/STM32U5xx_HAL_Driver/Src/stm32u5xx_hal_spi.o
                0x08006114                HAL_SPI_TxRxCpltCallback
 .text.HAL_SPI_ErrorCallback
                0x08006128       0x14 ./Drivers/STM32U5xx_HAL_Driver/Src/stm32u5xx_hal_spi.o
                0x08006128                HAL_SPI_ErrorCallback
 .text.HAL_SPI_SuspendCallback
                0x0800613c       0x14 ./Drivers/STM32U5xx_HAL_Driver/Src/stm32u5xx_hal_spi.o
                0x0800613c                HAL_SPI_SuspendCallback
 .text.SPI_DMAAbortOnError
                0x08006150       0x34 ./Drivers/STM32U5xx_HAL_Driver/Src/stm32u5xx_hal_spi.o
 .text.SPI_CloseTransfer
                0x08006184      0x140 ./Drivers/STM32U5xx_HAL_Driver/Src/stm32u5xx_hal_spi.o
 .text.HAL_UART_Init
                0x080062c4       0xa0 ./Drivers/STM32U5xx_HAL_Driver/Src/stm32u5xx_hal_uart.o
                0x080062c4                HAL_UART_Init
 .text.HAL_UART_Transmit
                0x08006364      0x13c ./Drivers/STM32U5xx_HAL_Driver/Src/stm32u5xx_hal_uart.o
                0x08006364                HAL_UART_Transmit
 .text.UART_SetConfig
                0x080064a0      0x344 ./Drivers/STM32U5xx_HAL_Driver/Src/stm32u5xx_hal_uart.o
                0x080064a0                UART_SetConfig
 .text.UART_AdvFeatureConfig
                0x080067e4      0x144 ./Drivers/STM32U5xx_HAL_Driver/Src/stm32u5xx_hal_uart.o
                0x080067e4                UART_AdvFeatureConfig
 .text.UART_CheckIdleState
                0x08006928      0x154 ./Drivers/STM32U5xx_HAL_Driver/Src/stm32u5xx_hal_uart.o
                0x08006928                UART_CheckIdleState
 .text.UART_WaitOnFlagUntilTimeout
                0x08006a7c       0xda ./Drivers/STM32U5xx_HAL_Driver/Src/stm32u5xx_hal_uart.o
                0x08006a7c                UART_WaitOnFlagUntilTimeout
 .text.UART_EndRxTransfer
                0x08006b56       0xcc ./Drivers/STM32U5xx_HAL_Driver/Src/stm32u5xx_hal_uart.o
 .text.HAL_UARTEx_DisableFifoMode
                0x08006c22       0x72 ./Drivers/STM32U5xx_HAL_Driver/Src/stm32u5xx_hal_uart_ex.o
                0x08006c22                HAL_UARTEx_DisableFifoMode
 .text.HAL_UARTEx_SetTxFifoThreshold
                0x08006c94       0x7c ./Drivers/STM32U5xx_HAL_Driver/Src/stm32u5xx_hal_uart_ex.o
                0x08006c94                HAL_UARTEx_SetTxFifoThreshold
 .text.HAL_UARTEx_SetRxFifoThreshold
                0x08006d10       0x7c ./Drivers/STM32U5xx_HAL_Driver/Src/stm32u5xx_hal_uart_ex.o
                0x08006d10                HAL_UARTEx_SetRxFifoThreshold
 .text.UARTEx_SetNbDataToProcess
                0x08006d8c       0x9c ./Drivers/STM32U5xx_HAL_Driver/Src/stm32u5xx_hal_uart_ex.o
 *(.glue_7)
 .glue_7        0x08006e28        0x0 linker stubs
 *(.glue_7t)
 .glue_7t       0x08006e28        0x0 linker stubs
 *(.eh_frame)
 .eh_frame      0x08006e28        0x0 /usr/lib/gcc/arm-none-eabi/13.2.1/thumb/v8-m.main+fp/hard/crtbegin.o
 *(.init)
 .init          0x08006e28        0x4 /usr/lib/gcc/arm-none-eabi/13.2.1/thumb/v8-m.main+fp/hard/crti.o
                0x08006e28                _init
 .init          0x08006e2c        0x8 /usr/lib/gcc/arm-none-eabi/13.2.1/thumb/v8-m.main+fp/hard/crtn.o
 *(.fini)
 .fini          0x08006e34        0x4 /usr/lib/gcc/arm-none-eabi/13.2.1/thumb/v8-m.main+fp/hard/crti.o
                0x08006e34                _fini
 .fini          0x08006e38        0x8 /usr/lib/gcc/arm-none-eabi/13.2.1/thumb/v8-m.main+fp/hard/crtn.o
                0x08006e40                        _etext = .

.vfp11_veneer   0x08006e40        0x0
 .vfp11_veneer  0x08006e40        0x0 linker stubs

.v4_bx          0x08006e40        0x0
 .v4_bx         0x08006e40        0x0 linker stubs

.iplt           0x08006e40        0x0
 .iplt          0x08006e40        0x0 /usr/lib/gcc/arm-none-eabi/13.2.1/thumb/v8-m.main+fp/hard/crtbegin.o

.rodata         0x08006e40      0x114
 *(.rodata)
 *(.rodata*)
 .rodata.uart_msg_token
                0x08006e40       0x13 ./Core/Src/main.o
 *fill*         0x08006e53        0x1 
 .rodata.AHBPrescTable
                0x08006e54       0x10 ./Core/Src/system_stm32u5xx.o
                0x08006e54                AHBPrescTable
 .rodata.APBPrescTable
                0x08006e64        0x8 ./Core/Src/system_stm32u5xx.o
                0x08006e64                APBPrescTable
 .rodata.MSIRangeTable
                0x08006e6c       0x40 ./Core/Src/system_stm32u5xx.o
                0x08006e6c                MSIRangeTable
 .rodata.LPGPIO_Map
                0x08006eac       0x80 ./Drivers/STM32U5xx_HAL_Driver/Src/stm32u5xx_hal_gpio.o
 .rodata.UARTPrescTable
                0x08006f2c       0x18 ./Drivers/STM32U5xx_HAL_Driver/Src/stm32u5xx_hal_uart.o
                0x08006f2c                UARTPrescTable
 .rodata.numerator.1
                0x08006f44        0x8 ./Drivers/STM32U5xx_HAL_Driver/Src/stm32u5xx_hal_uart_ex.o
 .rodata.denominator.0
                0x08006f4c        0x8 ./Drivers/STM32U5xx_HAL_Driver/Src/stm32u5xx_hal_uart_ex.o

.ARM.extab
 *(.ARM.extab* .gnu.linkonce.armextab.*)

.ARM            0x08006f54        0x8
                0x08006f54                        __exidx_start = .
 *(.ARM.exidx*)
 .ARM.exidx     0x08006f54        0x8 /usr/lib/gcc/arm-none-eabi/13.2.1/thumb/v8-m.main+fp/hard/libgcc.a(_udivmoddi4.o)
                0x08006f5c                        __exidx_end = .

.preinit_array  0x08006f5c        0x0
                0x08006f5c                        PROVIDE (__preinit_array_start = .)
 *(.preinit_array*)
                0x08006f5c                        PROVIDE (__preinit_array_end = .)

.init_array     0x08006f5c        0x4
                0x08006f5c                        PROVIDE (__init_array_start = .)
 *(SORT_BY_NAME(.init_array.*))
 *(.init_array*)
 .init_array    0x08006f5c        0x4 /usr/lib/gcc/arm-none-eabi/13.2.1/thumb/v8-m.main+fp/hard/crtbegin.o
                0x08006f60                        PROVIDE (__init_array_end = .)

.fini_array     0x08006f60        0x4
                0x08006f60                        PROVIDE (__fini_array_start = .)
 *(SORT_BY_NAME(.fini_array.*))
 *(.fini_array*)
 .fini_array    0x08006f60        0x4 /usr/lib/gcc/arm-none-eabi/13.2.1/thumb/v8-m.main+fp/hard/crtbegin.o
                0x08006f64                        PROVIDE (__fini_array_end = .)
                0x08006f64                        _sidata = LOADADDR (.data)

.rel.dyn        0x08006f64        0x0
 .rel.iplt      0x08006f64        0x0 /usr/lib/gcc/arm-none-eabi/13.2.1/thumb/v8-m.main+fp/hard/crtbegin.o

.data           0x20000000        0x9 load address 0x08006f64
                0x20000000                        _sdata = .
 *(.data)
 *(.data*)
 .data.SystemCoreClock
                0x20000000        0x4 ./Core/Src/system_stm32u5xx.o
                0x20000000                SystemCoreClock
 .data.uwTickPrio
                0x20000004        0x4 ./Drivers/STM32U5xx_HAL_Driver/Src/stm32u5xx_hal.o
                0x20000004                uwTickPrio
 .data.uwTickFreq
                0x20000008        0x1 ./Drivers/STM32U5xx_HAL_Driver/Src/stm32u5xx_hal.o
                0x20000008                uwTickFreq
 *(.RamFunc)
 *(.RamFunc*)
                0x20000009                        _edata = .

.tm_clone_table
                0x2000000c        0x0 load address 0x08006f6d
 .tm_clone_table
                0x2000000c        0x0 /usr/lib/gcc/arm-none-eabi/13.2.1/thumb/v8-m.main+fp/hard/crtbegin.o
 .tm_clone_table
                0x2000000c        0x0 /usr/lib/gcc/arm-none-eabi/13.2.1/thumb/v8-m.main+fp/hard/crtend.o

.igot.plt       0x2000000c        0x0 load address 0x08006f6d
 .igot.plt      0x2000000c        0x0 /usr/lib/gcc/arm-none-eabi/13.2.1/thumb/v8-m.main+fp/hard/crtbegin.o

.bss            0x2000000c      0x41c load address 0x08006f6d
                0x2000000c                        _sbss = .
                0x2000000c                        __bss_start__ = _sbss
 *(.bss)
 .bss           0x2000000c       0x1c /usr/lib/gcc/arm-none-eabi/13.2.1/thumb/v8-m.main+fp/hard/crtbegin.o
 *(.bss*)
 .bss.huart2    0x20000028       0x94 ./Core/Src/main.o
                0x20000028                huart2
 .bss.hspi2     0x200000bc       0x90 ./Core/Src/main.o
                0x200000bc                hspi2
 .bss.handle_GPDMA1_Channel5
                0x2000014c       0x78 ./Core/Src/main.o
                0x2000014c                handle_GPDMA1_Channel5
 .bss.handle_GPDMA1_Channel4
                0x200001c4       0x78 ./Core/Src/main.o
                0x200001c4                handle_GPDMA1_Channel4
 .bss.handle_GPDMA1_Channel3
                0x2000023c       0x78 ./Core/Src/main.o
                0x2000023c                handle_GPDMA1_Channel3
 .bss.handle_GPDMA1_Channel2
                0x200002b4       0x78 ./Core/Src/main.o
                0x200002b4                handle_GPDMA1_Channel2
 .bss.handle_GPDMA1_Channel1
                0x2000032c       0x78 ./Core/Src/main.o
                0x2000032c                handle_GPDMA1_Channel1
 .bss.handle_GPDMA1_Channel0
                0x200003a4       0x78 ./Core/Src/main.o
                0x200003a4                handle_GPDMA1_Channel0
 .bss.next_green_toggle_tick
                0x2000041c        0x4 ./Core/Src/main.o
 .bss.next_uart_token_tick
                0x20000420        0x4 ./Core/Src/main.o
 .bss.uwTick    0x20000424        0x4 ./Drivers/STM32U5xx_HAL_Driver/Src/stm32u5xx_hal.o
                0x20000424                uwTick
 *(COMMON)
                0x20000428                        _ebss = .
                0x20000428                        __bss_end__ = _ebss

._user_heap_stack
                0x20000428      0x600 load address 0x08006f6d
                0x20000428                        . = ALIGN (0x8)
                [!provide]                        PROVIDE (end = .)
                0x20000428                        PROVIDE (_end = .)
                0x20000628                        . = (. + _Min_Heap_Size)
 *fill*         0x20000428      0x200 
                0x20000a28                        . = (. + _Min_Stack_Size)
 *fill*         0x20000628      0x400 
                0x20000a28                        . = ALIGN (0x8)

/DISCARD/
 libc.a(*)
 libm.a(*)
 libgcc.a(*)

.ARM.attributes
                0x00000000       0x36
 *(.ARM.attributes)
 .ARM.attributes
                0x00000000       0x26 /usr/lib/gcc/arm-none-eabi/13.2.1/thumb/v8-m.main+fp/hard/crti.o
 .ARM.attributes
                0x00000026       0x38 /usr/lib/gcc/arm-none-eabi/13.2.1/thumb/v8-m.main+fp/hard/crtbegin.o
 .ARM.attributes
                0x0000005e       0x3a ./Core/Src/main.o
 .ARM.attributes
                0x00000098       0x3a ./Core/Src/stm32u5xx_hal_msp.o
 .ARM.attributes
                0x000000d2       0x3a ./Core/Src/stm32u5xx_it.o
 .ARM.attributes
                0x0000010c       0x3a ./Core/Src/system_stm32u5xx.o
 .ARM.attributes
                0x00000146       0x24 ./Core/Startup/startup_stm32u585aiixq.o
 .ARM.attributes
                0x0000016a       0x3a ./Drivers/STM32U5xx_HAL_Driver/Src/stm32u5xx_hal.o
 .ARM.attributes
                0x000001a4       0x3a ./Drivers/STM32U5xx_HAL_Driver/Src/stm32u5xx_hal_cortex.o
 .ARM.attributes
                0x000001de       0x3a ./Drivers/STM32U5xx_HAL_Driver/Src/stm32u5xx_hal_dma.o
 .ARM.attributes
                0x00000218       0x3a ./Drivers/STM32U5xx_HAL_Driver/Src/stm32u5xx_hal_gpio.o
 .ARM.attributes
                0x00000252       0x3a ./Drivers/STM32U5xx_HAL_Driver/Src/stm32u5xx_hal_pwr_ex.o
 .ARM.attributes
                0x0000028c       0x3a ./Drivers/STM32U5xx_HAL_Driver/Src/stm32u5xx_hal_rcc.o
 .ARM.attributes
                0x000002c6       0x3a ./Drivers/STM32U5xx_HAL_Driver/Src/stm32u5xx_hal_rcc_ex.o
 .ARM.attributes
                0x00000300       0x3a ./Drivers/STM32U5xx_HAL_Driver/Src/stm32u5xx_hal_spi.o
 .ARM.attributes
                0x0000033a       0x3a ./Drivers/STM32U5xx_HAL_Driver/Src/stm32u5xx_hal_uart.o
 .ARM.attributes
                0x00000374       0x3a ./Drivers/STM32U5xx_HAL_Driver/Src/stm32u5xx_hal_uart_ex.o
 .ARM.attributes
                0x000003ae       0x38 /usr/lib/gcc/arm-none-eabi/13.2.1/../../../arm-none-eabi/lib/thumb/v8-m.main+fp/hard/libc_nano.a(libc_a-init.o)
 .ARM.attributes
                0x000003e6       0x38 /usr/lib/gcc/arm-none-eabi/13.2.1/../../../arm-none-eabi/lib/thumb/v8-m.main+fp/hard/libc_nano.a(libc_a-memset.o)
 .ARM.attributes
                0x0000041e       0x26 /usr/lib/gcc/arm-none-eabi/13.2.1/thumb/v8-m.main+fp/hard/libgcc.a(_aeabi_uldivmod.o)
 .ARM.attributes
                0x00000444       0x38 /usr/lib/gcc/arm-none-eabi/13.2.1/thumb/v8-m.main+fp/hard/libgcc.a(_udivmoddi4.o)
 .ARM.attributes
                0x0000047c       0x26 /usr/lib/gcc/arm-none-eabi/13.2.1/thumb/v8-m.main+fp/hard/libgcc.a(_dvmd_tls.o)
 .ARM.attributes
                0x000004a2       0x38 /usr/lib/gcc/arm-none-eabi/13.2.1/thumb/v8-m.main+fp/hard/crtend.o
 .ARM.attributes
                0x000004da       0x26 /usr/lib/gcc/arm-none-eabi/13.2.1/thumb/v8-m.main+fp/hard/crtn.o
OUTPUT(Dell_2_Steval.elf elf32-littlearm)
LOAD linker stubs
LOAD /usr/lib/gcc/arm-none-eabi/13.2.1/../../../arm-none-eabi/lib/thumb/v8-m.main+fp/hard/libc.a
LOAD /usr/lib/gcc/arm-none-eabi/13.2.1/../../../arm-none-eabi/lib/thumb/v8-m.main+fp/hard/libm.a
LOAD /usr/lib/gcc/arm-none-eabi/13.2.1/thumb/v8-m.main+fp/hard/libgcc.a

.comment        0x00000000       0x26
 .comment       0x00000000       0x26 /usr/lib/gcc/arm-none-eabi/13.2.1/thumb/v8-m.main+fp/hard/crtbegin.o
                                 0x27 (size before relaxing)
 .comment       0x00000026       0x27 ./Core/Src/main.o
 .comment       0x00000026       0x27 ./Core/Src/stm32u5xx_hal_msp.o
 .comment       0x00000026       0x27 ./Core/Src/stm32u5xx_it.o
 .comment       0x00000026       0x27 ./Core/Src/system_stm32u5xx.o
 .comment       0x00000026       0x27 ./Drivers/STM32U5xx_HAL_Driver/Src/stm32u5xx_hal.o
 .comment       0x00000026       0x27 ./Drivers/STM32U5xx_HAL_Driver/Src/stm32u5xx_hal_cortex.o
 .comment       0x00000026       0x27 ./Drivers/STM32U5xx_HAL_Driver/Src/stm32u5xx_hal_dma.o
 .comment       0x00000026       0x27 ./Drivers/STM32U5xx_HAL_Driver/Src/stm32u5xx_hal_gpio.o
 .comment       0x00000026       0x27 ./Drivers/STM32U5xx_HAL_Driver/Src/stm32u5xx_hal_pwr_ex.o
 .comment       0x00000026       0x27 ./Drivers/STM32U5xx_HAL_Driver/Src/stm32u5xx_hal_rcc.o
 .comment       0x00000026       0x27 ./Drivers/STM32U5xx_HAL_Driver/Src/stm32u5xx_hal_rcc_ex.o
 .comment       0x00000026       0x27 ./Drivers/STM32U5xx_HAL_Driver/Src/stm32u5xx_hal_spi.o
 .comment       0x00000026       0x27 ./Drivers/STM32U5xx_HAL_Driver/Src/stm32u5xx_hal_uart.o
 .comment       0x00000026       0x27 ./Drivers/STM32U5xx_HAL_Driver/Src/stm32u5xx_hal_uart_ex.o
 .comment       0x00000026       0x27 /usr/lib/gcc/arm-none-eabi/13.2.1/../../../arm-none-eabi/lib/thumb/v8-m.main+fp/hard/libc_nano.a(libc_a-init.o)
 .comment       0x00000026       0x27 /usr/lib/gcc/arm-none-eabi/13.2.1/../../../arm-none-eabi/lib/thumb/v8-m.main+fp/hard/libc_nano.a(libc_a-memset.o)
 .comment       0x00000026       0x27 /usr/lib/gcc/arm-none-eabi/13.2.1/thumb/v8-m.main+fp/hard/libgcc.a(_udivmoddi4.o)
 .comment       0x00000026       0x27 /usr/lib/gcc/arm-none-eabi/13.2.1/thumb/v8-m.main+fp/hard/crtend.o

.debug_info     0x00000000    0x15030
 .debug_info    0x00000000     0x16d1 ./Core/Src/main.o
 .debug_info    0x000016d1     0x436a ./Core/Src/stm32u5xx_hal_msp.o
 .debug_info    0x00005a3b      0xaf2 ./Core/Src/stm32u5xx_it.o
 .debug_info    0x0000652d      0x911 ./Core/Src/system_stm32u5xx.o
 .debug_info    0x00006e3e       0x30 ./Core/Startup/startup_stm32u585aiixq.o
 .debug_info    0x00006e6e     0x11f2 ./Drivers/STM32U5xx_HAL_Driver/Src/stm32u5xx_hal.o
 .debug_info    0x00008060     0x1634 ./Drivers/STM32U5xx_HAL_Driver/Src/stm32u5xx_hal_cortex.o
 .debug_info    0x00009694      0xad0 ./Drivers/STM32U5xx_HAL_Driver/Src/stm32u5xx_hal_dma.o
 .debug_info    0x0000a164      0x835 ./Drivers/STM32U5xx_HAL_Driver/Src/stm32u5xx_hal_gpio.o
 .debug_info    0x0000a999      0xe26 ./Drivers/STM32U5xx_HAL_Driver/Src/stm32u5xx_hal_pwr_ex.o
 .debug_info    0x0000b7bf     0x11cc ./Drivers/STM32U5xx_HAL_Driver/Src/stm32u5xx_hal_rcc.o
 .debug_info    0x0000c98b     0x1573 ./Drivers/STM32U5xx_HAL_Driver/Src/stm32u5xx_hal_rcc_ex.o
 .debug_info    0x0000defe     0x15a3 ./Drivers/STM32U5xx_HAL_Driver/Src/stm32u5xx_hal_spi.o
 .debug_info    0x0000f4a1     0x402f ./Drivers/STM32U5xx_HAL_Driver/Src/stm32u5xx_hal_uart.o
 .debug_info    0x000134d0     0x11cb ./Drivers/STM32U5xx_HAL_Driver/Src/stm32u5xx_hal_uart_ex.o
 .debug_info    0x0001469b      0x10b /usr/lib/gcc/arm-none-eabi/13.2.1/../../../arm-none-eabi/lib/thumb/v8-m.main+fp/hard/libc_nano.a(libc_a-init.o)
 .debug_info    0x000147a6      0x135 /usr/lib/gcc/arm-none-eabi/13.2.1/../../../arm-none-eabi/lib/thumb/v8-m.main+fp/hard/libc_nano.a(libc_a-memset.o)
 .debug_info    0x000148db       0x24 /usr/lib/gcc/arm-none-eabi/13.2.1/thumb/v8-m.main+fp/hard/libgcc.a(_aeabi_uldivmod.o)
 .debug_info    0x000148ff      0x6f5 /usr/lib/gcc/arm-none-eabi/13.2.1/thumb/v8-m.main+fp/hard/libgcc.a(_udivmoddi4.o)
 .debug_info    0x00014ff4       0x3c /usr/lib/gcc/arm-none-eabi/13.2.1/thumb/v8-m.main+fp/hard/libgcc.a(_dvmd_tls.o)

.debug_abbrev   0x00000000     0x251d
 .debug_abbrev  0x00000000      0x248 ./Core/Src/main.o
 .debug_abbrev  0x00000248      0x2ee ./Core/Src/stm32u5xx_hal_msp.o
 .debug_abbrev  0x00000536      0x1b5 ./Core/Src/stm32u5xx_it.o
 .debug_abbrev  0x000006eb      0x129 ./Core/Src/system_stm32u5xx.o
 .debug_abbrev  0x00000814       0x24 ./Core/Startup/startup_stm32u585aiixq.o
 .debug_abbrev  0x00000838      0x2a5 ./Drivers/STM32U5xx_HAL_Driver/Src/stm32u5xx_hal.o
 .debug_abbrev  0x00000add      0x311 ./Drivers/STM32U5xx_HAL_Driver/Src/stm32u5xx_hal_cortex.o
 .debug_abbrev  0x00000dee      0x1ff ./Drivers/STM32U5xx_HAL_Driver/Src/stm32u5xx_hal_dma.o
 .debug_abbrev  0x00000fed      0x25a ./Drivers/STM32U5xx_HAL_Driver/Src/stm32u5xx_hal_gpio.o
 .debug_abbrev  0x00001247      0x215 ./Drivers/STM32U5xx_HAL_Driver/Src/stm32u5xx_hal_pwr_ex.o
 .debug_abbrev  0x0000145c      0x2cb ./Drivers/STM32U5xx_HAL_Driver/Src/stm32u5xx_hal_rcc.o
 .debug_abbrev  0x00001727      0x23d ./Drivers/STM32U5xx_HAL_Driver/Src/stm32u5xx_hal_rcc_ex.o
 .debug_abbrev  0x00001964      0x2bc ./Drivers/STM32U5xx_HAL_Driver/Src/stm32u5xx_hal_spi.o
 .debug_abbrev  0x00001c20      0x305 ./Drivers/STM32U5xx_HAL_Driver/Src/stm32u5xx_hal_uart.o
 .debug_abbrev  0x00001f25      0x2d4 ./Drivers/STM32U5xx_HAL_Driver/Src/stm32u5xx_hal_uart_ex.o
 .debug_abbrev  0x000021f9       0xc9 /usr/lib/gcc/arm-none-eabi/13.2.1/../../../arm-none-eabi/lib/thumb/v8-m.main+fp/hard/libc_nano.a(libc_a-init.o)
 .debug_abbrev  0x000022c2       0xb7 /usr/lib/gcc/arm-none-eabi/13.2.1/../../../arm-none-eabi/lib/thumb/v8-m.main+fp/hard/libc_nano.a(libc_a-memset.o)
 .debug_abbrev  0x00002379       0x14 /usr/lib/gcc/arm-none-eabi/13.2.1/thumb/v8-m.main+fp/hard/libgcc.a(_aeabi_uldivmod.o)
 .debug_abbrev  0x0000238d      0x16a /usr/lib/gcc/arm-none-eabi/13.2.1/thumb/v8-m.main+fp/hard/libgcc.a(_udivmoddi4.o)
 .debug_abbrev  0x000024f7       0x26 /usr/lib/gcc/arm-none-eabi/13.2.1/thumb/v8-m.main+fp/hard/libgcc.a(_dvmd_tls.o)

.debug_aranges  0x00000000      0xf60
 .debug_aranges
                0x00000000       0x48 ./Core/Src/main.o
 .debug_aranges
                0x00000048       0xd0 ./Core/Src/stm32u5xx_hal_msp.o
 .debug_aranges
                0x00000118      0x108 ./Core/Src/stm32u5xx_it.o
 .debug_aranges
                0x00000220       0x28 ./Core/Src/system_stm32u5xx.o
 .debug_aranges
                0x00000248       0x28 ./Core/Startup/startup_stm32u585aiixq.o
 .debug_aranges
                0x00000270      0x148 ./Drivers/STM32U5xx_HAL_Driver/Src/stm32u5xx_hal.o
 .debug_aranges
                0x000003b8      0x140 ./Drivers/STM32U5xx_HAL_Driver/Src/stm32u5xx_hal_cortex.o
 .debug_aranges
                0x000004f8       0xa0 ./Drivers/STM32U5xx_HAL_Driver/Src/stm32u5xx_hal_dma.o
 .debug_aranges
                0x00000598       0x78 ./Drivers/STM32U5xx_HAL_Driver/Src/stm32u5xx_hal_gpio.o
 .debug_aranges
                0x00000610      0x200 ./Drivers/STM32U5xx_HAL_Driver/Src/stm32u5xx_hal_pwr_ex.o
 .debug_aranges
                0x00000810       0xa8 ./Drivers/STM32U5xx_HAL_Driver/Src/stm32u5xx_hal_rcc.o
 .debug_aranges
                0x000008b8      0x160 ./Drivers/STM32U5xx_HAL_Driver/Src/stm32u5xx_hal_rcc_ex.o
 .debug_aranges
                0x00000a18      0x1a8 ./Drivers/STM32U5xx_HAL_Driver/Src/stm32u5xx_hal_spi.o
 .debug_aranges
                0x00000bc0      0x248 ./Drivers/STM32U5xx_HAL_Driver/Src/stm32u5xx_hal_uart.o
 .debug_aranges
                0x00000e08       0xb8 ./Drivers/STM32U5xx_HAL_Driver/Src/stm32u5xx_hal_uart_ex.o
 .debug_aranges
                0x00000ec0       0x20 /usr/lib/gcc/arm-none-eabi/13.2.1/../../../arm-none-eabi/lib/thumb/v8-m.main+fp/hard/libc_nano.a(libc_a-init.o)
 .debug_aranges
                0x00000ee0       0x20 /usr/lib/gcc/arm-none-eabi/13.2.1/../../../arm-none-eabi/lib/thumb/v8-m.main+fp/hard/libc_nano.a(libc_a-memset.o)
 .debug_aranges
                0x00000f00       0x20 /usr/lib/gcc/arm-none-eabi/13.2.1/thumb/v8-m.main+fp/hard/libgcc.a(_aeabi_uldivmod.o)
 .debug_aranges
                0x00000f20       0x20 /usr/lib/gcc/arm-none-eabi/13.2.1/thumb/v8-m.main+fp/hard/libgcc.a(_udivmoddi4.o)
 .debug_aranges
                0x00000f40       0x20 /usr/lib/gcc/arm-none-eabi/13.2.1/thumb/v8-m.main+fp/hard/libgcc.a(_dvmd_tls.o)

.debug_rnglists
                0x00000000      0xbe1
 .debug_rnglists
                0x00000000       0x34 ./Core/Src/main.o
 .debug_rnglists
                0x00000034       0xa6 ./Core/Src/stm32u5xx_hal_msp.o
 .debug_rnglists
                0x000000da       0xc1 ./Core/Src/stm32u5xx_it.o
 .debug_rnglists
                0x0000019b       0x1a ./Core/Src/system_stm32u5xx.o
 .debug_rnglists
                0x000001b5       0x19 ./Core/Startup/startup_stm32u585aiixq.o
 .debug_rnglists
                0x000001ce       0xf3 ./Drivers/STM32U5xx_HAL_Driver/Src/stm32u5xx_hal.o
 .debug_rnglists
                0x000002c1       0xec ./Drivers/STM32U5xx_HAL_Driver/Src/stm32u5xx_hal_cortex.o
 .debug_rnglists
                0x000003ad       0x7e ./Drivers/STM32U5xx_HAL_Driver/Src/stm32u5xx_hal_dma.o
 .debug_rnglists
                0x0000042b       0x5a ./Drivers/STM32U5xx_HAL_Driver/Src/stm32u5xx_hal_gpio.o
 .debug_rnglists
                0x00000485      0x186 ./Drivers/STM32U5xx_HAL_Driver/Src/stm32u5xx_hal_pwr_ex.o
 .debug_rnglists
                0x0000060b       0x7f ./Drivers/STM32U5xx_HAL_Driver/Src/stm32u5xx_hal_rcc.o
 .debug_rnglists
                0x0000068a      0x113 ./Drivers/STM32U5xx_HAL_Driver/Src/stm32u5xx_hal_rcc_ex.o
 .debug_rnglists
                0x0000079d      0x148 ./Drivers/STM32U5xx_HAL_Driver/Src/stm32u5xx_hal_spi.o
 .debug_rnglists
                0x000008e5      0x1fb ./Drivers/STM32U5xx_HAL_Driver/Src/stm32u5xx_hal_uart.o
 .debug_rnglists
                0x00000ae0       0x8c ./Drivers/STM32U5xx_HAL_Driver/Src/stm32u5xx_hal_uart_ex.o
 .debug_rnglists
                0x00000b6c       0x75 /usr/lib/gcc/arm-none-eabi/13.2.1/thumb/v8-m.main+fp/hard/libgcc.a(_udivmoddi4.o)

.debug_macro    0x00000000    0x397b4
 .debug_macro   0x00000000      0x395 ./Core/Src/main.o
 .debug_macro   0x00000395      0xade ./Core/Src/main.o
 .debug_macro   0x00000e73      0x237 ./Core/Src/main.o
 .debug_macro   0x000010aa       0x2e ./Core/Src/main.o
 .debug_macro   0x000010d8       0x42 ./Core/Src/main.o
 .debug_macro   0x0000111a      0x34e ./Core/Src/main.o
 .debug_macro   0x00001468       0x1c ./Core/Src/main.o
 .debug_macro   0x00001484       0x29 ./Core/Src/main.o
 .debug_macro   0x000014ad       0xfb ./Core/Src/main.o
 .debug_macro   0x000015a8     0x1685 ./Core/Src/main.o
 .debug_macro   0x00002c2d       0x5e ./Core/Src/main.o
 .debug_macro   0x00002c8b    0x23d05 ./Core/Src/main.o
 .debug_macro   0x00026990       0x6d ./Core/Src/main.o
 .debug_macro   0x000269fd     0x393e ./Core/Src/main.o
 .debug_macro   0x0002a33b      0x190 ./Core/Src/main.o
 .debug_macro   0x0002a4cb       0x22 ./Core/Src/main.o
 .debug_macro   0x0002a4ed       0x54 ./Core/Src/main.o
 .debug_macro   0x0002a541       0x2a ./Core/Src/main.o
 .debug_macro   0x0002a56b       0x94 ./Core/Src/main.o
 .debug_macro   0x0002a5ff       0x43 ./Core/Src/main.o
 .debug_macro   0x0002a642       0x34 ./Core/Src/main.o
 .debug_macro   0x0002a676       0x57 ./Core/Src/main.o
 .debug_macro   0x0002a6cd      0x370 ./Core/Src/main.o
 .debug_macro   0x0002aa3d       0x16 ./Core/Src/main.o
 .debug_macro   0x0002aa53       0x4a ./Core/Src/main.o
 .debug_macro   0x0002aa9d       0x34 ./Core/Src/main.o
 .debug_macro   0x0002aad1       0x10 ./Core/Src/main.o
 .debug_macro   0x0002aae1       0x52 ./Core/Src/main.o
 .debug_macro   0x0002ab33       0x8e ./Core/Src/main.o
 .debug_macro   0x0002abc1       0x1c ./Core/Src/main.o
 .debug_macro   0x0002abdd      0x177 ./Core/Src/main.o
 .debug_macro   0x0002ad54      0x19b ./Core/Src/main.o
 .debug_macro   0x0002aeef       0x5d ./Core/Src/main.o
 .debug_macro   0x0002af4c     0x1bfd ./Core/Src/main.o
 .debug_macro   0x0002cb49      0x7ff ./Core/Src/main.o
 .debug_macro   0x0002d348      0x166 ./Core/Src/main.o
 .debug_macro   0x0002d4ae      0x2aa ./Core/Src/main.o
 .debug_macro   0x0002d758       0xc9 ./Core/Src/main.o
 .debug_macro   0x0002d821      0x5a5 ./Core/Src/main.o
 .debug_macro   0x0002ddc6      0x439 ./Core/Src/main.o
 .debug_macro   0x0002e1ff       0xd6 ./Core/Src/main.o
 .debug_macro   0x0002e2d5      0x1cd ./Core/Src/main.o
 .debug_macro   0x0002e4a2     0x1415 ./Core/Src/main.o
 .debug_macro   0x0002f8b7      0x950 ./Core/Src/main.o
 .debug_macro   0x00030207      0x2cd ./Core/Src/main.o
 .debug_macro   0x000304d4      0x1ca ./Core/Src/main.o
 .debug_macro   0x0003069e       0xe5 ./Core/Src/main.o
 .debug_macro   0x00030783      0x432 ./Core/Src/main.o
 .debug_macro   0x00030bb5       0x95 ./Core/Src/main.o
 .debug_macro   0x00030c4a      0x11c ./Core/Src/main.o
 .debug_macro   0x00030d66      0x23a ./Core/Src/main.o
 .debug_macro   0x00030fa0      0x123 ./Core/Src/main.o
 .debug_macro   0x000310c3       0xa5 ./Core/Src/main.o
 .debug_macro   0x00031168      0x525 ./Core/Src/main.o
 .debug_macro   0x0003168d      0x4bf ./Core/Src/main.o
 .debug_macro   0x00031b4c      0x328 ./Core/Src/main.o
 .debug_macro   0x00031e74      0x916 ./Core/Src/main.o
 .debug_macro   0x0003278a       0xe4 ./Core/Src/main.o
 .debug_macro   0x0003286e      0x3ad ./Core/Src/main.o
 .debug_macro   0x00032c1b       0x10 ./Core/Src/main.o
 .debug_macro   0x00032c2b       0xe4 ./Core/Src/main.o
 .debug_macro   0x00032d0f      0xa0c ./Core/Src/main.o
 .debug_macro   0x0003371b       0x1c ./Core/Src/main.o
 .debug_macro   0x00033737      0x1ce ./Core/Src/main.o
 .debug_macro   0x00033905       0x28 ./Core/Src/main.o
 .debug_macro   0x0003392d      0x5cf ./Core/Src/main.o
 .debug_macro   0x00033efc       0xee ./Core/Src/main.o
 .debug_macro   0x00033fea       0xeb ./Core/Src/main.o
 .debug_macro   0x000340d5      0xbcc ./Core/Src/main.o
 .debug_macro   0x00034ca1      0x4ea ./Core/Src/main.o
 .debug_macro   0x0003518b      0x677 ./Core/Src/main.o
 .debug_macro   0x00035802      0x1a1 ./Core/Src/main.o
 .debug_macro   0x000359a3      0x2b6 ./Core/Src/main.o
 .debug_macro   0x00035c59       0x82 ./Core/Src/main.o
 .debug_macro   0x00035cdb      0x1c0 ./Core/Src/main.o
 .debug_macro   0x00035e9b      0x558 ./Core/Src/main.o
 .debug_macro   0x000363f3      0x361 ./Core/Src/main.o
 .debug_macro   0x00036754      0x2c2 ./Core/Src/main.o
 .debug_macro   0x00036a16      0x353 ./Core/Src/stm32u5xx_hal_msp.o
 .debug_macro   0x00036d69      0x35d ./Core/Src/stm32u5xx_it.o
 .debug_macro   0x000370c6      0x34b ./Core/Src/system_stm32u5xx.o
 .debug_macro   0x00037411      0x368 ./Drivers/STM32U5xx_HAL_Driver/Src/stm32u5xx_hal.o
 .debug_macro   0x00037779      0x344 ./Drivers/STM32U5xx_HAL_Driver/Src/stm32u5xx_hal_cortex.o
 .debug_macro   0x00037abd      0x345 ./Drivers/STM32U5xx_HAL_Driver/Src/stm32u5xx_hal_dma.o
 .debug_macro   0x00037e02      0x379 ./Drivers/STM32U5xx_HAL_Driver/Src/stm32u5xx_hal_gpio.o
 .debug_macro   0x0003817b      0x36f ./Drivers/STM32U5xx_HAL_Driver/Src/stm32u5xx_hal_pwr_ex.o
 .debug_macro   0x000384ea      0x44a ./Drivers/STM32U5xx_HAL_Driver/Src/stm32u5xx_hal_rcc.o
 .debug_macro   0x00038934      0x475 ./Drivers/STM32U5xx_HAL_Driver/Src/stm32u5xx_hal_rcc_ex.o
 .debug_macro   0x00038da9      0x34c ./Drivers/STM32U5xx_HAL_Driver/Src/stm32u5xx_hal_spi.o
 .debug_macro   0x000390f5      0x36f ./Drivers/STM32U5xx_HAL_Driver/Src/stm32u5xx_hal_uart.o
 .debug_macro   0x00039464      0x350 ./Drivers/STM32U5xx_HAL_Driver/Src/stm32u5xx_hal_uart_ex.o

.debug_line     0x00000000    0x115c3
 .debug_line    0x00000000      0x864 ./Core/Src/main.o
 .debug_line    0x00000864      0xfc3 ./Core/Src/stm32u5xx_hal_msp.o
 .debug_line    0x00001827      0x986 ./Core/Src/stm32u5xx_it.o
 .debug_line    0x000021ad      0x7e1 ./Core/Src/system_stm32u5xx.o
 .debug_line    0x0000298e       0x79 ./Core/Startup/startup_stm32u585aiixq.o
 .debug_line    0x00002a07      0xb88 ./Drivers/STM32U5xx_HAL_Driver/Src/stm32u5xx_hal.o
 .debug_line    0x0000358f      0xd32 ./Drivers/STM32U5xx_HAL_Driver/Src/stm32u5xx_hal_cortex.o
 .debug_line    0x000042c1     0x1171 ./Drivers/STM32U5xx_HAL_Driver/Src/stm32u5xx_hal_dma.o
 .debug_line    0x00005432      0xc91 ./Drivers/STM32U5xx_HAL_Driver/Src/stm32u5xx_hal_gpio.o
 .debug_line    0x000060c3     0x106f ./Drivers/STM32U5xx_HAL_Driver/Src/stm32u5xx_hal_pwr_ex.o
 .debug_line    0x00007132     0x156f ./Drivers/STM32U5xx_HAL_Driver/Src/stm32u5xx_hal_rcc.o
 .debug_line    0x000086a1     0x21d8 ./Drivers/STM32U5xx_HAL_Driver/Src/stm32u5xx_hal_rcc_ex.o
 .debug_line    0x0000a879     0x23f8 ./Drivers/STM32U5xx_HAL_Driver/Src/stm32u5xx_hal_spi.o
 .debug_line    0x0000cc71     0x335c ./Drivers/STM32U5xx_HAL_Driver/Src/stm32u5xx_hal_uart.o
 .debug_line    0x0000ffcd      0xd21 ./Drivers/STM32U5xx_HAL_Driver/Src/stm32u5xx_hal_uart_ex.o
 .debug_line    0x00010cee      0x129 /usr/lib/gcc/arm-none-eabi/13.2.1/../../../arm-none-eabi/lib/thumb/v8-m.main+fp/hard/libc_nano.a(libc_a-init.o)
 .debug_line    0x00010e17      0x1b6 /usr/lib/gcc/arm-none-eabi/13.2.1/../../../arm-none-eabi/lib/thumb/v8-m.main+fp/hard/libc_nano.a(libc_a-memset.o)
 .debug_line    0x00010fcd       0x4e /usr/lib/gcc/arm-none-eabi/13.2.1/thumb/v8-m.main+fp/hard/libgcc.a(_aeabi_uldivmod.o)
 .debug_line    0x0001101b      0x55e /usr/lib/gcc/arm-none-eabi/13.2.1/thumb/v8-m.main+fp/hard/libgcc.a(_udivmoddi4.o)
 .debug_line    0x00011579       0x4a /usr/lib/gcc/arm-none-eabi/13.2.1/thumb/v8-m.main+fp/hard/libgcc.a(_dvmd_tls.o)

.debug_str      0x00000000   0x18169d
 .debug_str     0x00000000   0x18169d ./Core/Src/main.o
                             0x179217 (size before relaxing)
 .debug_str     0x0018169d   0x17b292 ./Core/Src/stm32u5xx_hal_msp.o
 .debug_str     0x0018169d   0x178a8d ./Core/Src/stm32u5xx_it.o
 .debug_str     0x0018169d   0x1779c4 ./Core/Src/system_stm32u5xx.o
 .debug_str     0x0018169d       0x78 ./Core/Startup/startup_stm32u585aiixq.o
 .debug_str     0x0018169d   0x178870 ./Drivers/STM32U5xx_HAL_Driver/Src/stm32u5xx_hal.o
 .debug_str     0x0018169d   0x178635 ./Drivers/STM32U5xx_HAL_Driver/Src/stm32u5xx_hal_cortex.o
 .debug_str     0x0018169d   0x177d52 ./Drivers/STM32U5xx_HAL_Driver/Src/stm32u5xx_hal_dma.o
 .debug_str     0x0018169d   0x1779de ./Drivers/STM32U5xx_HAL_Driver/Src/stm32u5xx_hal_gpio.o
 .debug_str     0x0018169d   0x178104 ./Drivers/STM32U5xx_HAL_Driver/Src/stm32u5xx_hal_pwr_ex.o
 .debug_str     0x0018169d   0x1790ae ./Drivers/STM32U5xx_HAL_Driver/Src/stm32u5xx_hal_rcc.o
 .debug_str     0x0018169d   0x17a3ab ./Drivers/STM32U5xx_HAL_Driver/Src/stm32u5xx_hal_rcc_ex.o
 .debug_str     0x0018169d   0x1782ad ./Drivers/STM32U5xx_HAL_Driver/Src/stm32u5xx_hal_spi.o
 .debug_str     0x0018169d   0x178675 ./Drivers/STM32U5xx_HAL_Driver/Src/stm32u5xx_hal_uart.o
 .debug_str     0x0018169d   0x178132 ./Drivers/STM32U5xx_HAL_Driver/Src/stm32u5xx_hal_uart_ex.o
 .debug_str     0x0018169d      0x202 /usr/lib/gcc/arm-none-eabi/13.2.1/../../../arm-none-eabi/lib/thumb/v8-m.main+fp/hard/libc_nano.a(libc_a-init.o)
 .debug_str     0x0018169d      0x1b5 /usr/lib/gcc/arm-none-eabi/13.2.1/../../../arm-none-eabi/lib/thumb/v8-m.main+fp/hard/libc_nano.a(libc_a-memset.o)
 .debug_str     0x0018169d       0xa7 /usr/lib/gcc/arm-none-eabi/13.2.1/thumb/v8-m.main+fp/hard/libgcc.a(_aeabi_uldivmod.o)
 .debug_str     0x0018169d      0x68d /usr/lib/gcc/arm-none-eabi/13.2.1/thumb/v8-m.main+fp/hard/libgcc.a(_udivmoddi4.o)
 .debug_str     0x0018169d       0xc7 /usr/lib/gcc/arm-none-eabi/13.2.1/thumb/v8-m.main+fp/hard/libgcc.a(_dvmd_tls.o)

.debug_frame    0x00000000     0x3da4
 .debug_frame   0x00000000       0xd4 ./Core/Src/main.o
 .debug_frame   0x000000d4      0x374 ./Core/Src/stm32u5xx_hal_msp.o
 .debug_frame   0x00000448      0x350 ./Core/Src/stm32u5xx_it.o
 .debug_frame   0x00000798       0x58 ./Core/Src/system_stm32u5xx.o
 .debug_frame   0x000007f0      0x500 ./Drivers/STM32U5xx_HAL_Driver/Src/stm32u5xx_hal.o
 .debug_frame   0x00000cf0      0x560 ./Drivers/STM32U5xx_HAL_Driver/Src/stm32u5xx_hal_cortex.o
 .debug_frame   0x00001250      0x2a0 ./Drivers/STM32U5xx_HAL_Driver/Src/stm32u5xx_hal_dma.o
 .debug_frame   0x000014f0      0x1ec ./Drivers/STM32U5xx_HAL_Driver/Src/stm32u5xx_hal_gpio.o
 .debug_frame   0x000016dc      0x84c ./Drivers/STM32U5xx_HAL_Driver/Src/stm32u5xx_hal_pwr_ex.o
 .debug_frame   0x00001f28      0x288 ./Drivers/STM32U5xx_HAL_Driver/Src/stm32u5xx_hal_rcc.o
 .debug_frame   0x000021b0      0x5f4 ./Drivers/STM32U5xx_HAL_Driver/Src/stm32u5xx_hal_rcc_ex.o
 .debug_frame   0x000027a4      0x7ac ./Drivers/STM32U5xx_HAL_Driver/Src/stm32u5xx_hal_spi.o
 .debug_frame   0x00002f50      0xa84 ./Drivers/STM32U5xx_HAL_Driver/Src/stm32u5xx_hal_uart.o
 .debug_frame   0x000039d4      0x314 ./Drivers/STM32U5xx_HAL_Driver/Src/stm32u5xx_hal_uart_ex.o
 .debug_frame   0x00003ce8       0x2c /usr/lib/gcc/arm-none-eabi/13.2.1/../../../arm-none-eabi/lib/thumb/v8-m.main+fp/hard/libc_nano.a(libc_a-init.o)
 .debug_frame   0x00003d14       0x2c /usr/lib/gcc/arm-none-eabi/13.2.1/../../../arm-none-eabi/lib/thumb/v8-m.main+fp/hard/libc_nano.a(libc_a-memset.o)
 .debug_frame   0x00003d40       0x2c /usr/lib/gcc/arm-none-eabi/13.2.1/thumb/v8-m.main+fp/hard/libgcc.a(_aeabi_uldivmod.o)
 .debug_frame   0x00003d6c       0x38 /usr/lib/gcc/arm-none-eabi/13.2.1/thumb/v8-m.main+fp/hard/libgcc.a(_udivmoddi4.o)

.debug_line_str
                0x00000000      0x105
 .debug_line_str
                0x00000000      0x105 ./Core/Startup/startup_stm32u585aiixq.o
                                 0x5e (size before relaxing)
 .debug_line_str
                0x00000105       0x9b /usr/lib/gcc/arm-none-eabi/13.2.1/thumb/v8-m.main+fp/hard/libgcc.a(_aeabi_uldivmod.o)
 .debug_line_str
                0x00000105       0x9f /usr/lib/gcc/arm-none-eabi/13.2.1/thumb/v8-m.main+fp/hard/libgcc.a(_dvmd_tls.o)

.debug_loclists
                0x00000000      0xb66
 .debug_loclists
                0x00000000       0x65 /usr/lib/gcc/arm-none-eabi/13.2.1/../../../arm-none-eabi/lib/thumb/v8-m.main+fp/hard/libc_nano.a(libc_a-init.o)
 .debug_loclists
                0x00000065      0x1c2 /usr/lib/gcc/arm-none-eabi/13.2.1/../../../arm-none-eabi/lib/thumb/v8-m.main+fp/hard/libc_nano.a(libc_a-memset.o)
 .debug_loclists
                0x00000227      0x93f /usr/lib/gcc/arm-none-eabi/13.2.1/thumb/v8-m.main+fp/hard/libgcc.a(_udivmoddi4.o)
