Archive member included to satisfy reference by file (symbol)

C:/ST/STM32CubeIDE_1.19.0/STM32CubeIDE/plugins/com.st.stm32cube.ide.mcu.externaltools.gnu-tools-for-stm32.13.3.rel1.win32_1.0.0.202411081344/tools/bin/../lib/gcc/arm-none-eabi/13.3.1/../../../../arm-none-eabi/lib/thumb/v8-m.main+fp/hard\libc_nano.a(libc_a-exit.o)
                              C:/ST/STM32CubeIDE_1.19.0/STM32CubeIDE/plugins/com.st.stm32cube.ide.mcu.externaltools.gnu-tools-for-stm32.13.3.rel1.win32_1.0.0.202411081344/tools/bin/../lib/gcc/arm-none-eabi/13.3.1/../../../../arm-none-eabi/lib/thumb/v8-m.main+fp/hard/crt0.o (exit)
C:/ST/STM32CubeIDE_1.19.0/STM32CubeIDE/plugins/com.st.stm32cube.ide.mcu.externaltools.gnu-tools-for-stm32.13.3.rel1.win32_1.0.0.202411081344/tools/bin/../lib/gcc/arm-none-eabi/13.3.1/../../../../arm-none-eabi/lib/thumb/v8-m.main+fp/hard\libc_nano.a(libc_a-findfp.o)
                              C:/ST/STM32CubeIDE_1.19.0/STM32CubeIDE/plugins/com.st.stm32cube.ide.mcu.externaltools.gnu-tools-for-stm32.13.3.rel1.win32_1.0.0.202411081344/tools/bin/../lib/gcc/arm-none-eabi/13.3.1/../../../../arm-none-eabi/lib/thumb/v8-m.main+fp/hard\libc_nano.a(libc_a-exit.o) (__stdio_exit_handler)
C:/ST/STM32CubeIDE_1.19.0/STM32CubeIDE/plugins/com.st.stm32cube.ide.mcu.externaltools.gnu-tools-for-stm32.13.3.rel1.win32_1.0.0.202411081344/tools/bin/../lib/gcc/arm-none-eabi/13.3.1/../../../../arm-none-eabi/lib/thumb/v8-m.main+fp/hard\libc_nano.a(libc_a-fwalk.o)
                              C:/ST/STM32CubeIDE_1.19.0/STM32CubeIDE/plugins/com.st.stm32cube.ide.mcu.externaltools.gnu-tools-for-stm32.13.3.rel1.win32_1.0.0.202411081344/tools/bin/../lib/gcc/arm-none-eabi/13.3.1/../../../../arm-none-eabi/lib/thumb/v8-m.main+fp/hard\libc_nano.a(libc_a-findfp.o) (_fwalk_sglue)
C:/ST/STM32CubeIDE_1.19.0/STM32CubeIDE/plugins/com.st.stm32cube.ide.mcu.externaltools.gnu-tools-for-stm32.13.3.rel1.win32_1.0.0.202411081344/tools/bin/../lib/gcc/arm-none-eabi/13.3.1/../../../../arm-none-eabi/lib/thumb/v8-m.main+fp/hard\libc_nano.a(libc_a-stdio.o)
                              C:/ST/STM32CubeIDE_1.19.0/STM32CubeIDE/plugins/com.st.stm32cube.ide.mcu.externaltools.gnu-tools-for-stm32.13.3.rel1.win32_1.0.0.202411081344/tools/bin/../lib/gcc/arm-none-eabi/13.3.1/../../../../arm-none-eabi/lib/thumb/v8-m.main+fp/hard\libc_nano.a(libc_a-findfp.o) (__sread)
C:/ST/STM32CubeIDE_1.19.0/STM32CubeIDE/plugins/com.st.stm32cube.ide.mcu.externaltools.gnu-tools-for-stm32.13.3.rel1.win32_1.0.0.202411081344/tools/bin/../lib/gcc/arm-none-eabi/13.3.1/../../../../arm-none-eabi/lib/thumb/v8-m.main+fp/hard\libc_nano.a(libc_a-memset.o)
                              C:/ST/STM32CubeIDE_1.19.0/STM32CubeIDE/plugins/com.st.stm32cube.ide.mcu.externaltools.gnu-tools-for-stm32.13.3.rel1.win32_1.0.0.202411081344/tools/bin/../lib/gcc/arm-none-eabi/13.3.1/../../../../arm-none-eabi/lib/thumb/v8-m.main+fp/hard/crt0.o (memset)
C:/ST/STM32CubeIDE_1.19.0/STM32CubeIDE/plugins/com.st.stm32cube.ide.mcu.externaltools.gnu-tools-for-stm32.13.3.rel1.win32_1.0.0.202411081344/tools/bin/../lib/gcc/arm-none-eabi/13.3.1/../../../../arm-none-eabi/lib/thumb/v8-m.main+fp/hard\libc_nano.a(libc_a-closer.o)
                              C:/ST/STM32CubeIDE_1.19.0/STM32CubeIDE/plugins/com.st.stm32cube.ide.mcu.externaltools.gnu-tools-for-stm32.13.3.rel1.win32_1.0.0.202411081344/tools/bin/../lib/gcc/arm-none-eabi/13.3.1/../../../../arm-none-eabi/lib/thumb/v8-m.main+fp/hard\libc_nano.a(libc_a-stdio.o) (_close_r)
C:/ST/STM32CubeIDE_1.19.0/STM32CubeIDE/plugins/com.st.stm32cube.ide.mcu.externaltools.gnu-tools-for-stm32.13.3.rel1.win32_1.0.0.202411081344/tools/bin/../lib/gcc/arm-none-eabi/13.3.1/../../../../arm-none-eabi/lib/thumb/v8-m.main+fp/hard\libc_nano.a(libc_a-reent.o)
                              C:/ST/STM32CubeIDE_1.19.0/STM32CubeIDE/plugins/com.st.stm32cube.ide.mcu.externaltools.gnu-tools-for-stm32.13.3.rel1.win32_1.0.0.202411081344/tools/bin/../lib/gcc/arm-none-eabi/13.3.1/../../../../arm-none-eabi/lib/thumb/v8-m.main+fp/hard\libc_nano.a(libc_a-closer.o) (errno)
C:/ST/STM32CubeIDE_1.19.0/STM32CubeIDE/plugins/com.st.stm32cube.ide.mcu.externaltools.gnu-tools-for-stm32.13.3.rel1.win32_1.0.0.202411081344/tools/bin/../lib/gcc/arm-none-eabi/13.3.1/../../../../arm-none-eabi/lib/thumb/v8-m.main+fp/hard\libc_nano.a(libc_a-impure.o)
                              C:/ST/STM32CubeIDE_1.19.0/STM32CubeIDE/plugins/com.st.stm32cube.ide.mcu.externaltools.gnu-tools-for-stm32.13.3.rel1.win32_1.0.0.202411081344/tools/bin/../lib/gcc/arm-none-eabi/13.3.1/../../../../arm-none-eabi/lib/thumb/v8-m.main+fp/hard\libc_nano.a(libc_a-reent.o) (_impure_ptr)
C:/ST/STM32CubeIDE_1.19.0/STM32CubeIDE/plugins/com.st.stm32cube.ide.mcu.externaltools.gnu-tools-for-stm32.13.3.rel1.win32_1.0.0.202411081344/tools/bin/../lib/gcc/arm-none-eabi/13.3.1/../../../../arm-none-eabi/lib/thumb/v8-m.main+fp/hard\libc_nano.a(libc_a-lseekr.o)
[...]
Memory Configuration

Name             Origin             Length             Attributes
RAM              0x20000000         0x000c0000         xrw
SRAM4            0x28000000         0x00004000         xrw
FLASH            0x08000000         0x00200000         xr
*default*        0x00000000         0xffffffff

Linker script and memory map

LOAD C:/ST/STM32CubeIDE_1.19.0/STM32CubeIDE/plugins/com.st.stm32cube.ide.mcu.externaltools.gnu-tools-for-stm32.13.3.rel1.win32_1.0.0.202411081344/tools/bin/../lib/gcc/arm-none-eabi/13.3.1/thumb/v8-m.main+fp/hard/crti.o
LOAD C:/ST/STM32CubeIDE_1.19.0/STM32CubeIDE/plugins/com.st.stm32cube.ide.mcu.externaltools.gnu-tools-for-stm32.13.3.rel1.win32_1.0.0.202411081344/tools/bin/../lib/gcc/arm-none-eabi/13.3.1/thumb/v8-m.main+fp/hard/crtbegin.o
LOAD C:/ST/STM32CubeIDE_1.19.0/STM32CubeIDE/plugins/com.st.stm32cube.ide.mcu.externaltools.gnu-tools-for-stm32.13.3.rel1.win32_1.0.0.202411081344/tools/bin/../lib/gcc/arm-none-eabi/13.3.1/../../../../arm-none-eabi/lib/thumb/v8-m.main+fp/hard/crt0.o
LOAD ./Core/Src/main.o
LOAD ./Core/Src/stm32u5xx_hal_msp.o
LOAD ./Core/Src/stm32u5xx_it.o
LOAD ./Core/Src/syscalls.o
LOAD ./Core/Src/sysmem.o
LOAD ./Core/Src/system_stm32u5xx.o
LOAD ./Core/Startup/startup_stm32u585aiixq.o
LOAD ./Drivers/STM32U5xx_HAL_Driver/Src/stm32u5xx_hal.o
LOAD ./Drivers/STM32U5xx_HAL_Driver/Src/stm32u5xx_hal_adc.o
LOAD ./Drivers/STM32U5xx_HAL_Driver/Src/stm32u5xx_hal_adc_ex.o
LOAD ./Drivers/STM32U5xx_HAL_Driver/Src/stm32u5xx_hal_cortex.o
LOAD ./Drivers/STM32U5xx_HAL_Driver/Src/stm32u5xx_hal_dac.o
LOAD ./Drivers/STM32U5xx_HAL_Driver/Src/stm32u5xx_hal_dac_ex.o
LOAD ./Drivers/STM32U5xx_HAL_Driver/Src/stm32u5xx_hal_dma.o
LOAD ./Drivers/STM32U5xx_HAL_Driver/Src/stm32u5xx_hal_dma_ex.o
LOAD ./Drivers/STM32U5xx_HAL_Driver/Src/stm32u5xx_hal_exti.o
LOAD ./Drivers/STM32U5xx_HAL_Driver/Src/stm32u5xx_hal_flash.o
LOAD ./Drivers/STM32U5xx_HAL_Driver/Src/stm32u5xx_hal_flash_ex.o
LOAD ./Drivers/STM32U5xx_HAL_Driver/Src/stm32u5xx_hal_gpio.o
LOAD ./Drivers/STM32U5xx_HAL_Driver/Src/stm32u5xx_hal_gtzc.o
LOAD ./Drivers/STM32U5xx_HAL_Driver/Src/stm32u5xx_hal_i2c.o
LOAD ./Drivers/STM32U5xx_HAL_Driver/Src/stm32u5xx_hal_i2c_ex.o
LOAD ./Drivers/STM32U5xx_HAL_Driver/Src/stm32u5xx_hal_icache.o
LOAD ./Drivers/STM32U5xx_HAL_Driver/Src/stm32u5xx_hal_mdf.o
LOAD ./Drivers/STM32U5xx_HAL_Driver/Src/stm32u5xx_hal_mmc.o
LOAD ./Drivers/STM32U5xx_HAL_Driver/Src/stm32u5xx_hal_mmc_ex.o
LOAD ./Drivers/STM32U5xx_HAL_Driver/Src/stm32u5xx_hal_pcd.o
LOAD ./Drivers/STM32U5xx_HAL_Driver/Src/stm32u5xx_hal_pcd_ex.o
LOAD ./Drivers/STM32U5xx_HAL_Driver/Src/stm32u5xx_hal_pwr.o
LOAD ./Drivers/STM32U5xx_HAL_Driver/Src/stm32u5xx_hal_pwr_ex.o
LOAD ./Drivers/STM32U5xx_HAL_Driver/Src/stm32u5xx_hal_rcc.o
LOAD ./Drivers/STM32U5xx_HAL_Driver/Src/stm32u5xx_hal_rcc_ex.o
LOAD ./Drivers/STM32U5xx_HAL_Driver/Src/stm32u5xx_hal_rtc.o
LOAD ./Drivers/STM32U5xx_HAL_Driver/Src/stm32u5xx_hal_rtc_ex.o
LOAD ./Drivers/STM32U5xx_HAL_Driver/Src/stm32u5xx_hal_sai.o
LOAD ./Drivers/STM32U5xx_HAL_Driver/Src/stm32u5xx_hal_sai_ex.o
LOAD ./Drivers/STM32U5xx_HAL_Driver/Src/stm32u5xx_hal_sd.o
LOAD ./Drivers/STM32U5xx_HAL_Driver/Src/stm32u5xx_hal_sd_ex.o
LOAD ./Drivers/STM32U5xx_HAL_Driver/Src/stm32u5xx_hal_sdio.o
LOAD ./Drivers/STM32U5xx_HAL_Driver/Src/stm32u5xx_hal_spi.o
LOAD ./Drivers/STM32U5xx_HAL_Driver/Src/stm32u5xx_hal_spi_ex.o
LOAD ./Drivers/STM32U5xx_HAL_Driver/Src/stm32u5xx_hal_tim.o
LOAD ./Drivers/STM32U5xx_HAL_Driver/Src/stm32u5xx_hal_tim_ex.o
LOAD ./Drivers/STM32U5xx_HAL_Driver/Src/stm32u5xx_hal_uart.o
LOAD ./Drivers/STM32U5xx_HAL_Driver/Src/stm32u5xx_hal_uart_ex.o
LOAD ./Drivers/STM32U5xx_HAL_Driver/Src/stm32u5xx_ll_dlyb.o
LOAD ./Drivers/STM32U5xx_HAL_Driver/Src/stm32u5xx_ll_sdmmc.o
LOAD ./Drivers/STM32U5xx_HAL_Driver/Src/stm32u5xx_ll_usb.o
START GROUP
LOAD C:/ST/STM32CubeIDE_1.19.0/STM32CubeIDE/plugins/com.st.stm32cube.ide.mcu.externaltools.gnu-tools-for-stm32.13.3.rel1.win32_1.0.0.202411081344/tools/bin/../lib/gcc/arm-none-eabi/13.3.1/../../../../arm-none-eabi/lib/thumb/v8-m.main+fp/hard\libc_nano.a
LOAD C:/ST/STM32CubeIDE_1.19.0/STM32CubeIDE/plugins/com.st.stm32cube.ide.mcu.externaltools.gnu-tools-for-stm32.13.3.rel1.win32_1.0.0.202411081344/tools/bin/../lib/gcc/arm-none-eabi/13.3.1/../../../../arm-none-eabi/lib/thumb/v8-m.main+fp/hard\libm.a
END GROUP
START GROUP
LOAD C:/ST/STM32CubeIDE_1.19.0/STM32CubeIDE/plugins/com.st.stm32cube.ide.mcu.externaltools.gnu-tools-for-stm32.13.3.rel1.win32_1.0.0.202411081344/tools/bin/../lib/gcc/arm-none-eabi/13.3.1/thumb/v8-m.main+fp/hard\libgcc.a
LOAD C:/ST/STM32CubeIDE_1.19.0/STM32CubeIDE/plugins/com.st.stm32cube.ide.mcu.externaltools.gnu-tools-for-stm32.13.3.rel1.win32_1.0.0.202411081344/tools/bin/../lib/gcc/arm-none-eabi/13.3.1/../../../../arm-none-eabi/lib/thumb/v8-m.main+fp/hard\libc_nano.a
END GROUP
START GROUP
LOAD C:/ST/STM32CubeIDE_1.19.0/STM32CubeIDE/plugins/com.st.stm32cube.ide.mcu.externaltools.gnu-tools-for-stm32.13.3.rel1.win32_1.0.0.202411081344/tools/bin/../lib/gcc/arm-none-eabi/13.3.1/thumb/v8-m.main+fp/hard\libgcc.a
LOAD C:/ST/STM32CubeIDE_1.19.0/STM32CubeIDE/plugins/com.st.stm32cube.ide.mcu.externaltools.gnu-tools-for-stm32.13.3.rel1.win32_1.0.0.202411081344/tools/bin/../lib/gcc/arm-none-eabi/13.3.1/../../../../arm-none-eabi/lib/thumb/v8-m.main+fp/hard\libc_nano.a
LOAD C:/ST/STM32CubeIDE_1.19.0/STM32CubeIDE/plugins/com.st.stm32cube.ide.mcu.externaltools.gnu-tools-for-stm32.13.3.rel1.win32_1.0.0.202411081344/tools/bin/../lib/gcc/arm-none-eabi/13.3.1/../../../../arm-none-eabi/lib/thumb/v8-m.main+fp/hard\libnosys.a
END GROUP
START GROUP
LOAD C:/ST/STM32CubeIDE_1.19.0/STM32CubeIDE/plugins/com.st.stm32cube.ide.mcu.externaltools.gnu-tools-for-stm32.13.3.rel1.win32_1.0.0.202411081344/tools/bin/../lib/gcc/arm-none-eabi/13.3.1/thumb/v8-m.main+fp/hard\libgcc.a
LOAD C:/ST/STM32CubeIDE_1.19.0/STM32CubeIDE/plugins/com.st.stm32cube.ide.mcu.externaltools.gnu-tools-for-stm32.13.3.rel1.win32_1.0.0.202411081344/tools/bin/../lib/gcc/arm-none-eabi/13.3.1/../../../../arm-none-eabi/lib/thumb/v8-m.main+fp/hard\libc_nano.a
LOAD C:/ST/STM32CubeIDE_1.19.0/STM32CubeIDE/plugins/com.st.stm32cube.ide.mcu.externaltools.gnu-tools-for-stm32.13.3.rel1.win32_1.0.0.202411081344/tools/bin/../lib/gcc/arm-none-eabi/13.3.1/../../../../arm-none-eabi/lib/thumb/v8-m.main+fp/hard\libnosys.a
END GROUP
LOAD C:/ST/STM32CubeIDE_1.19.0/STM32CubeIDE/plugins/com.st.stm32cube.ide.mcu.externaltools.gnu-tools-for-stm32.13.3.rel1.win32_1.0.0.202411081344/tools/bin/../lib/gcc/arm-none-eabi/13.3.1/thumb/v8-m.main+fp/hard/crtend.o
LOAD C:/ST/STM32CubeIDE_1.19.0/STM32CubeIDE/plugins/com.st.stm32cube.ide.mcu.externaltools.gnu-tools-for-stm32.13.3.rel1.win32_1.0.0.202411081344/tools/bin/../lib/gcc/arm-none-eabi/13.3.1/thumb/v8-m.main+fp/hard/crtn.o
                0x200c0000                        _estack = (ORIGIN (RAM) + LENGTH (RAM))
                0x00000200                        _Min_Heap_Size = 0x200
                0x00000400                        _Min_Stack_Size = 0x400

.isr_vector     0x08000000      0x238
 *(.isr_vector)
 .isr_vector    0x08000000      0x238 ./Core/Startup/startup_stm32u585aiixq.o
                0x08000000                g_pfnVectors

.text           0x08000238     0x6968
 *(.text)
 .text          0x08000238       0x40 C:/ST/STM32CubeIDE_1.19.0/STM32CubeIDE/plugins/com.st.stm32cube.ide.mcu.externaltools.gnu-tools-for-stm32.13.3.rel1.win32_1.0.0.202411081344/tools/bin/../lib/gcc/arm-none-eabi/13.3.1/thumb/v8-m.main+fp/hard/crtbegin.o
 .text          0x08000278       0x30 C:/ST/STM32CubeIDE_1.19.0/STM32CubeIDE/plugins/com.st.stm32cube.ide.mcu.externaltools.gnu-tools-for-stm32.13.3.rel1.win32_1.0.0.202411081344/tools/bin/../lib/gcc/arm-none-eabi/13.3.1/thumb/v8-m.main+fp/hard\libgcc.a(_aeabi_uldivmod.o)
                0x08000278                __aeabi_uldivmod
 .text          0x080002a8      0x348 C:/ST/STM32CubeIDE_1.19.0/STM32CubeIDE/plugins/com.st.stm32cube.ide.mcu.externaltools.gnu-tools-for-stm32.13.3.rel1.win32_1.0.0.202411081344/tools/bin/../lib/gcc/arm-none-eabi/13.3.1/thumb/v8-m.main+fp/hard\libgcc.a(_udivmoddi4.o)
                0x080002a8                __udivmoddi4
 .text          0x080005f0        0x4 C:/ST/STM32CubeIDE_1.19.0/STM32CubeIDE/plugins/com.st.stm32cube.ide.mcu.externaltools.gnu-tools-for-stm32.13.3.rel1.win32_1.0.0.202411081344/tools/bin/../lib/gcc/arm-none-eabi/13.3.1/thumb/v8-m.main+fp/hard\libgcc.a(_dvmd_tls.o)
                0x080005f0                __aeabi_idiv0
                0x080005f0                __aeabi_ldiv0
 *(.text*)
 .text.main     0x080005f4       0x84 ./Core/Src/main.o
                0x080005f4                main
 .text.SystemClock_Config
                0x08000678       0xca ./Core/Src/main.o
                0x08000678                SystemClock_Config
 .text.SystemPower_Config
                0x08000742       0x10 ./Core/Src/main.o
 *fill*         0x08000752        0x2 
 .text.MX_USART2_UART_Init
                0x08000754       0x9c ./Core/Src/main.o
 .text.MX_GPIO_Init
                0x080007f0       0x6c ./Core/Src/main.o
 .text.Error_Handler
                0x0800085c       0x78 ./Core/Src/main.o
                0x0800085c                Error_Handler
 .text.HAL_MspInit
                0x080008d4       0x3c ./Core/Src/stm32u5xx_hal_msp.o
                0x080008d4                HAL_MspInit
 .text.HAL_UART_MspInit
                0x08000910      0x1b8 ./Core/Src/stm32u5xx_hal_msp.o
                0x08000910                HAL_UART_MspInit
 .text.NMI_Handler
                0x08000ac8        0x8 ./Core/Src/stm32u5xx_it.o
                0x08000ac8                NMI_Handler
 .text.HardFault_Handler
                0x08000ad0        0x8 ./Core/Src/stm32u5xx_it.o
                0x08000ad0                HardFault_Handler
 .text.MemManage_Handler
                0x08000ad8        0x8 ./Core/Src/stm32u5xx_it.o
                0x08000ad8                MemManage_Handler
 .text.BusFault_Handler
                0x08000ae0        0x8 ./Core/Src/stm32u5xx_it.o
                0x08000ae0                BusFault_Handler
 .text.UsageFault_Handler
                0x08000ae8        0x8 ./Core/Src/stm32u5xx_it.o
                0x08000ae8                UsageFault_Handler
 .text.SVC_Handler
                0x08000af0        0xe ./Core/Src/stm32u5xx_it.o
                0x08000af0                SVC_Handler
 .text.DebugMon_Handler
                0x08000afe        0xe ./Core/Src/stm32u5xx_it.o
                0x08000afe                DebugMon_Handler
 .text.PendSV_Handler
                0x08000b0c        0xe ./Core/Src/stm32u5xx_it.o
                0x08000b0c                PendSV_Handler
 .text.SysTick_Handler
                0x08000b1a        0xc ./Core/Src/stm32u5xx_it.o
                0x08000b1a                SysTick_Handler
 .text.EXTI0_IRQHandler
                0x08000b26        0xe ./Core/Src/stm32u5xx_it.o
                0x08000b26                EXTI0_IRQHandler
 .text.EXTI1_IRQHandler
                0x08000b34        0xe ./Core/Src/stm32u5xx_it.o
                0x08000b34                EXTI1_IRQHandler
 .text.EXTI2_IRQHandler
                0x08000b42        0xe ./Core/Src/stm32u5xx_it.o
                0x08000b42                EXTI2_IRQHandler
 .text.EXTI3_IRQHandler
                0x08000b50        0xe ./Core/Src/stm32u5xx_it.o
                0x08000b50                EXTI3_IRQHandler
 .text.EXTI4_IRQHandler
                0x08000b5e        0xe ./Core/Src/stm32u5xx_it.o
                0x08000b5e                EXTI4_IRQHandler
 .text.EXTI5_IRQHandler
                0x08000b6c        0xe ./Core/Src/stm32u5xx_it.o
                0x08000b6c                EXTI5_IRQHandler
 .text.EXTI6_IRQHandler
                0x08000b7a        0xe ./Core/Src/stm32u5xx_it.o
                0x08000b7a                EXTI6_IRQHandler
 .text.EXTI7_IRQHandler
                0x08000b88        0xe ./Core/Src/stm32u5xx_it.o
                0x08000b88                EXTI7_IRQHandler
 .text.EXTI8_IRQHandler
                0x08000b96       0x10 ./Core/Src/stm32u5xx_it.o
                0x08000b96                EXTI8_IRQHandler
 .text.EXTI9_IRQHandler
                0x08000ba6       0x10 ./Core/Src/stm32u5xx_it.o
                0x08000ba6                EXTI9_IRQHandler
 .text.EXTI10_IRQHandler
                0x08000bb6       0x10 ./Core/Src/stm32u5xx_it.o
                0x08000bb6                EXTI10_IRQHandler
 .text.EXTI11_IRQHandler
                0x08000bc6       0x10 ./Core/Src/stm32u5xx_it.o
                0x08000bc6                EXTI11_IRQHandler
 .text.EXTI13_IRQHandler
                0x08000bd6       0x10 ./Core/Src/stm32u5xx_it.o
                0x08000bd6                EXTI13_IRQHandler
 .text.EXTI14_IRQHandler
                0x08000be6       0x10 ./Core/Src/stm32u5xx_it.o
                0x08000be6                EXTI14_IRQHandler
 *fill*         0x08000bf6        0x2 
 .text.GPDMA1_Channel0_IRQHandler
                0x08000bf8       0x14 ./Core/Src/stm32u5xx_it.o
                0x08000bf8                GPDMA1_Channel0_IRQHandler
 .text.GPDMA1_Channel1_IRQHandler
                0x08000c0c       0x14 ./Core/Src/stm32u5xx_it.o
                0x08000c0c                GPDMA1_Channel1_IRQHandler
 .text.GPDMA1_Channel2_IRQHandler
                0x08000c20       0x14 ./Core/Src/stm32u5xx_it.o
                0x08000c20                GPDMA1_Channel2_IRQHandler
 .text.GPDMA1_Channel3_IRQHandler
                0x08000c34       0x14 ./Core/Src/stm32u5xx_it.o
                0x08000c34                GPDMA1_Channel3_IRQHandler
 .text.GPDMA1_Channel4_IRQHandler
                0x08000c48       0x14 ./Core/Src/stm32u5xx_it.o
                0x08000c48                GPDMA1_Channel4_IRQHandler
 .text.GPDMA1_Channel5_IRQHandler
                0x08000c5c       0x14 ./Core/Src/stm32u5xx_it.o
                0x08000c5c                GPDMA1_Channel5_IRQHandler
 .text.SPI2_IRQHandler
                0x08000c70       0x14 ./Core/Src/stm32u5xx_it.o
                0x08000c70                SPI2_IRQHandler
 .text.SystemInit
                0x08000c84       0x70 ./Core/Src/system_stm32u5xx.o
                0x08000c84                SystemInit
 .text.Reset_Handler
                0x08000cf4       0x50 ./Core/Startup/startup_stm32u585aiixq.o
                0x08000cf4                Reset_Handler
 .text.Default_Handler
                0x08000d44        0x2 ./Core/Startup/startup_stm32u585aiixq.o
                0x08000d44                TIM8_TRG_COM_IRQHandler
                0x08000d44                TIM8_CC_IRQHandler
                0x08000d44                FLASH_S_IRQHandler
                0x08000d44                TIM1_CC_IRQHandler
                0x08000d44                TSC_IRQHandler
                0x08000d44                TAMP_IRQHandler
                0x08000d44                TIM6_IRQHandler
                0x08000d44                EXTI12_IRQHandler
                0x08000d44                CORDIC_IRQHandler
                0x08000d44                LPTIM4_IRQHandler
                0x08000d44                LPTIM2_IRQHandler
                0x08000d44                I2C3_ER_IRQHandler
                0x08000d44                PWR_S3WU_IRQHandler
                0x08000d44                MDF1_FLT2_IRQHandler
                0x08000d44                LPDMA1_Channel3_IRQHandler
                0x08000d44                LPTIM3_IRQHandler
                0x08000d44                I2C2_EV_IRQHandler
                0x08000d44                FPU_IRQHandler
                0x08000d44                GPDMA1_Channel7_IRQHandler
                0x08000d44                MDF1_FLT4_IRQHandler
                0x08000d44                FDCAN1_IT1_IRQHandler
                0x08000d44                RAMCFG_IRQHandler
                0x08000d44                GPDMA1_Channel9_IRQHandler
                0x08000d44                DCACHE1_IRQHandler
                0x08000d44                SPI1_IRQHandler
                0x08000d44                OCTOSPI1_IRQHandler
                0x08000d44                TIM8_UP_IRQHandler
                0x08000d44                RCC_S_IRQHandler
                0x08000d44                OCTOSPI2_IRQHandler
                0x08000d44                SAI2_IRQHandler
                0x08000d44                MDF1_FLT1_IRQHandler
                0x08000d44                ADC1_IRQHandler
                0x08000d44                PKA_IRQHandler
                0x08000d44                MDF1_FLT5_IRQHandler
                0x08000d44                EXTI15_IRQHandler
                0x08000d44                TIM17_IRQHandler
                0x08000d44                USART3_IRQHandler
                0x08000d44                RTC_IRQHandler
                0x08000d44                UART5_IRQHandler
                0x08000d44                TIM4_IRQHandler
                0x08000d44                I2C1_EV_IRQHandler
                0x08000d44                GPDMA1_Channel12_IRQHandler
                0x08000d44                TIM16_IRQHandler
                0x08000d44                GPDMA1_Channel15_IRQHandler
                0x08000d44                UART4_IRQHandler
                0x08000d44                SecureFault_Handler
                0x08000d44                TIM3_IRQHandler
                0x08000d44                RCC_IRQHandler
                0x08000d44                TIM1_TRG_COM_IRQHandler
                0x08000d44                Default_Handler
                0x08000d44                GPDMA1_Channel8_IRQHandler
                0x08000d44                FMAC_IRQHandler
                0x08000d44                OTFDEC1_IRQHandler
                0x08000d44                GPDMA1_Channel11_IRQHandler
                0x08000d44                TIM7_IRQHandler
                0x08000d44                SDMMC1_IRQHandler
                0x08000d44                SAES_IRQHandler
                0x08000d44                TIM5_IRQHandler
                0x08000d44                UCPD1_IRQHandler
                0x08000d44                TIM15_IRQHandler
                0x08000d44                I2C3_EV_IRQHandler
                0x08000d44                LPDMA1_Channel0_IRQHandler
                0x08000d44                PVD_PVM_IRQHandler
                0x08000d44                LPDMA1_Channel1_IRQHandler
                0x08000d44                OTFDEC2_IRQHandler
                0x08000d44                CRS_IRQHandler
                0x08000d44                GPDMA1_Channel14_IRQHandler
                0x08000d44                LSECSSD_IRQHandler
                0x08000d44                RTC_S_IRQHandler
                0x08000d44                GPDMA1_Channel13_IRQHandler
                0x08000d44                RNG_IRQHandler
                0x08000d44                COMP_IRQHandler
                0x08000d44                TIM1_UP_IRQHandler
                0x08000d44                ADC4_IRQHandler
                0x08000d44                WWDG_IRQHandler
                0x08000d44                I2C4_EV_IRQHandler
                0x08000d44                ADF1_IRQHandler
                0x08000d44                IWDG_IRQHandler
                0x08000d44                LPUART1_IRQHandler
                0x08000d44                MDF1_FLT0_IRQHandler
                0x08000d44                FDCAN1_IT0_IRQHandler
                0x08000d44                TIM2_IRQHandler
                0x08000d44                DMA2D_IRQHandler
                0x08000d44                TIM1_BRK_IRQHandler
                0x08000d44                SDMMC2_IRQHandler
                0x08000d44                AES_IRQHandler
                0x08000d44                DAC1_IRQHandler
                0x08000d44                GTZC_IRQHandler
                0x08000d44                MDF1_FLT3_IRQHandler
                0x08000d44                USART2_IRQHandler
                0x08000d44                GPDMA1_Channel6_IRQHandler
                0x08000d44                I2C2_ER_IRQHandler
                0x08000d44                TIM8_BRK_IRQHandler
                0x08000d44                FLASH_IRQHandler
                0x08000d44                USART1_IRQHandler
                0x08000d44                OTG_FS_IRQHandler
                0x08000d44                SPI3_IRQHandler
                0x08000d44                LPDMA1_Channel2_IRQHandler
                0x08000d44                I2C1_ER_IRQHandler
                0x08000d44                FMC_IRQHandler
                0x08000d44                LPTIM1_IRQHandler
                0x08000d44                DCMI_PSSI_IRQHandler
                0x08000d44                I2C4_ER_IRQHandler
                0x08000d44                GPDMA1_Channel10_IRQHandler
                0x08000d44                ICACHE_IRQHandler
                0x08000d44                SAI1_IRQHandler
                0x08000d44                HASH_IRQHandler
 *fill*         0x08000d46        0x2 
 .text.HAL_Init
                0x08000d48       0x60 ./Drivers/STM32U5xx_HAL_Driver/Src/stm32u5xx_hal.o
                0x08000d48                HAL_Init
 .text.HAL_InitTick
                0x08000da8       0xec ./Drivers/STM32U5xx_HAL_Driver/Src/stm32u5xx_hal.o
                0x08000da8                HAL_InitTick
 .text.HAL_IncTick
                0x08000e94       0x28 ./Drivers/STM32U5xx_HAL_Driver/Src/stm32u5xx_hal.o
                0x08000e94                HAL_IncTick
 .text.HAL_GetTick
                0x08000ebc       0x18 ./Drivers/STM32U5xx_HAL_Driver/Src/stm32u5xx_hal.o
                0x08000ebc                HAL_GetTick
 .text.HAL_Delay
                0x08000ed4       0x48 ./Drivers/STM32U5xx_HAL_Driver/Src/stm32u5xx_hal.o
                0x08000ed4                HAL_Delay
 .text.__NVIC_SetPriorityGrouping
                0x08000f1c       0x48 ./Drivers/STM32U5xx_HAL_Driver/Src/stm32u5xx_hal_cortex.o
 .text.__NVIC_GetPriorityGrouping
                0x08000f64       0x1c ./Drivers/STM32U5xx_HAL_Driver/Src/stm32u5xx_hal_cortex.o
 .text.__NVIC_SetPriority
                0x08000f80       0x54 ./Drivers/STM32U5xx_HAL_Driver/Src/stm32u5xx_hal_cortex.o
 .text.NVIC_EncodePriority
                0x08000fd4       0x66 ./Drivers/STM32U5xx_HAL_Driver/Src/stm32u5xx_hal_cortex.o
 .text.HAL_NVIC_SetPriorityGrouping
                0x0800103a       0x16 ./Drivers/STM32U5xx_HAL_Driver/Src/stm32u5xx_hal_cortex.o
                0x0800103a                HAL_NVIC_SetPriorityGrouping
 .text.HAL_NVIC_SetPriority
                0x08001050       0x34 ./Drivers/STM32U5xx_HAL_Driver/Src/stm32u5xx_hal_cortex.o
                0x08001050                HAL_NVIC_SetPriority
 .text.HAL_SYSTICK_Config
                0x08001084       0x44 ./Drivers/STM32U5xx_HAL_Driver/Src/stm32u5xx_hal_cortex.o
                0x08001084                HAL_SYSTICK_Config
 .text.HAL_SYSTICK_CLKSourceConfig
                0x080010c8       0xb0 ./Drivers/STM32U5xx_HAL_Driver/Src/stm32u5xx_hal_cortex.o
                0x080010c8                HAL_SYSTICK_CLKSourceConfig
 .text.HAL_SYSTICK_GetCLKSourceConfig
                0x08001178       0x74 ./Drivers/STM32U5xx_HAL_Driver/Src/stm32u5xx_hal_cortex.o
                0x08001178                HAL_SYSTICK_GetCLKSourceConfig
 .text.HAL_DMA_Abort_IT
                0x080011ec       0x52 ./Drivers/STM32U5xx_HAL_Driver/Src/stm32u5xx_hal_dma.o
                0x080011ec                HAL_DMA_Abort_IT
 .text.HAL_DMA_IRQHandler
                0x0800123e      0x2c2 ./Drivers/STM32U5xx_HAL_Driver/Src/stm32u5xx_hal_dma.o
                0x0800123e                HAL_DMA_IRQHandler
 .text.HAL_GPIO_Init
                0x08001500      0x3c0 ./Drivers/STM32U5xx_HAL_Driver/Src/stm32u5xx_hal_gpio.o
                0x08001500                HAL_GPIO_Init
 .text.HAL_GPIO_WritePin
                0x080018c0       0x30 ./Drivers/STM32U5xx_HAL_Driver/Src/stm32u5xx_hal_gpio.o
                0x080018c0                HAL_GPIO_WritePin
 .text.HAL_GPIO_TogglePin
                0x080018f0       0x34 ./Drivers/STM32U5xx_HAL_Driver/Src/stm32u5xx_hal_gpio.o
                0x080018f0                HAL_GPIO_TogglePin
 .text.HAL_GPIO_EXTI_IRQHandler
                0x08001924       0x4c ./Drivers/STM32U5xx_HAL_Driver/Src/stm32u5xx_hal_gpio.o
                0x08001924                HAL_GPIO_EXTI_IRQHandler
 .text.HAL_GPIO_EXTI_Rising_Callback
                0x08001970       0x16 ./Drivers/STM32U5xx_HAL_Driver/Src/stm32u5xx_hal_gpio.o
                0x08001970                HAL_GPIO_EXTI_Rising_Callback
 .text.HAL_GPIO_EXTI_Falling_Callback
                0x08001986       0x16 ./Drivers/STM32U5xx_HAL_Driver/Src/stm32u5xx_hal_gpio.o
                0x08001986                HAL_GPIO_EXTI_Falling_Callback
 .text.HAL_PWREx_ControlVoltageScaling
                0x0800199c       0xfc ./Drivers/STM32U5xx_HAL_Driver/Src/stm32u5xx_hal_pwr_ex.o
                0x0800199c                HAL_PWREx_ControlVoltageScaling
 .text.HAL_PWREx_GetVoltageRange
                0x08001a98       0x1c ./Drivers/STM32U5xx_HAL_Driver/Src/stm32u5xx_hal_pwr_ex.o
                0x08001a98                HAL_PWREx_GetVoltageRange
 .text.HAL_PWREx_EnableVddUSB
                0x08001ab4       0x20 ./Drivers/STM32U5xx_HAL_Driver/Src/stm32u5xx_hal_pwr_ex.o
                0x08001ab4                HAL_PWREx_EnableVddUSB
 .text.HAL_PWREx_EnableVddIO2
                0x08001ad4       0x20 ./Drivers/STM32U5xx_HAL_Driver/Src/stm32u5xx_hal_pwr_ex.o
                0x08001ad4                HAL_PWREx_EnableVddIO2
 .text.HAL_PWREx_EnableVddA
                0x08001af4       0x20 ./Drivers/STM32U5xx_HAL_Driver/Src/stm32u5xx_hal_pwr_ex.o
                0x08001af4                HAL_PWREx_EnableVddA
 .text.HAL_PWREx_DisableUCPDDeadBattery
                0x08001b14       0x20 ./Drivers/STM32U5xx_HAL_Driver/Src/stm32u5xx_hal_pwr_ex.o
                0x08001b14                HAL_PWREx_DisableUCPDDeadBattery
 .text.HAL_RCC_OscConfig
                0x08001b34      0xdb8 ./Drivers/STM32U5xx_HAL_Driver/Src/stm32u5xx_hal_rcc.o
                0x08001b34                HAL_RCC_OscConfig
 .text.HAL_RCC_ClockConfig
                0x080028ec      0x3e4 ./Drivers/STM32U5xx_HAL_Driver/Src/stm32u5xx_hal_rcc.o
                0x080028ec                HAL_RCC_ClockConfig
 .text.HAL_RCC_GetSysClockFreq
                0x08002cd0      0x204 ./Drivers/STM32U5xx_HAL_Driver/Src/stm32u5xx_hal_rcc.o
                0x08002cd0                HAL_RCC_GetSysClockFreq
 .text.HAL_RCC_GetHCLKFreq
                0x08002ed4       0x34 ./Drivers/STM32U5xx_HAL_Driver/Src/stm32u5xx_hal_rcc.o
                0x08002ed4                HAL_RCC_GetHCLKFreq
 .text.HAL_RCC_GetPCLK1Freq
                0x08002f08       0x28 ./Drivers/STM32U5xx_HAL_Driver/Src/stm32u5xx_hal_rcc.o
                0x08002f08                HAL_RCC_GetPCLK1Freq
 .text.HAL_RCC_GetPCLK2Freq
                0x08002f30       0x28 ./Drivers/STM32U5xx_HAL_Driver/Src/stm32u5xx_hal_rcc.o
                0x08002f30                HAL_RCC_GetPCLK2Freq
 .text.HAL_RCC_GetPCLK3Freq
                0x08002f58       0x28 ./Drivers/STM32U5xx_HAL_Driver/Src/stm32u5xx_hal_rcc.o
                0x08002f58                HAL_RCC_GetPCLK3Freq
 .text.RCC_SetFlashLatencyFromMSIRange
                0x08002f80      0x10c ./Drivers/STM32U5xx_HAL_Driver/Src/stm32u5xx_hal_rcc.o
 .text.HAL_RCCEx_PeriphCLKConfig
                0x0800308c      0xb80 ./Drivers/STM32U5xx_HAL_Driver/Src/stm32u5xx_hal_rcc_ex.o
                0x0800308c                HAL_RCCEx_PeriphCLKConfig
 .text.HAL_RCCEx_GetPLL1ClockFreq
                0x08003c0c      0x2b4 ./Drivers/STM32U5xx_HAL_Driver/Src/stm32u5xx_hal_rcc_ex.o
                0x08003c0c                HAL_RCCEx_GetPLL1ClockFreq
 .text.HAL_RCCEx_GetPLL2ClockFreq
                0x08003ec0      0x2b4 ./Drivers/STM32U5xx_HAL_Driver/Src/stm32u5xx_hal_rcc_ex.o
                0x08003ec0                HAL_RCCEx_GetPLL2ClockFreq
 .text.HAL_RCCEx_GetPLL3ClockFreq
                0x08004174      0x2b4 ./Drivers/STM32U5xx_HAL_Driver/Src/stm32u5xx_hal_rcc_ex.o
                0x08004174                HAL_RCCEx_GetPLL3ClockFreq
 .text.HAL_RCCEx_GetPeriphCLKFreq
                0x08004428     0x13c4 ./Drivers/STM32U5xx_HAL_Driver/Src/stm32u5xx_hal_rcc_ex.o
                0x08004428                HAL_RCCEx_GetPeriphCLKFreq
 .text.RCCEx_PLL2_Config
                0x080057ec      0x130 ./Drivers/STM32U5xx_HAL_Driver/Src/stm32u5xx_hal_rcc_ex.o
 .text.RCCEx_PLL3_Config
                0x0800591c      0x130 ./Drivers/STM32U5xx_HAL_Driver/Src/stm32u5xx_hal_rcc_ex.o
 .text.HAL_SPI_IRQHandler
                0x08005a4c      0x3a8 ./Drivers/STM32U5xx_HAL_Driver/Src/stm32u5xx_hal_spi.o
                0x08005a4c                HAL_SPI_IRQHandler
 .text.HAL_SPI_TxCpltCallback
                0x08005df4       0x14 ./Drivers/STM32U5xx_HAL_Driver/Src/stm32u5xx_hal_spi.o
                0x08005df4                HAL_SPI_TxCpltCallback
 .text.HAL_SPI_RxCpltCallback
                0x08005e08       0x14 ./Drivers/STM32U5xx_HAL_Driver/Src/stm32u5xx_hal_spi.o
                0x08005e08                HAL_SPI_RxCpltCallback
 .text.HAL_SPI_TxRxCpltCallback
                0x08005e1c       0x14 ./Drivers/STM32U5xx_HAL_Driver/Src/stm32u5xx_hal_spi.o
                0x08005e1c                HAL_SPI_TxRxCpltCallback
 .text.HAL_SPI_ErrorCallback
                0x08005e30       0x14 ./Drivers/STM32U5xx_HAL_Driver/Src/stm32u5xx_hal_spi.o
                0x08005e30                HAL_SPI_ErrorCallback
 .text.HAL_SPI_SuspendCallback
                0x08005e44       0x14 ./Drivers/STM32U5xx_HAL_Driver/Src/stm32u5xx_hal_spi.o
                0x08005e44                HAL_SPI_SuspendCallback
 .text.SPI_DMAAbortOnError
                0x08005e58       0x34 ./Drivers/STM32U5xx_HAL_Driver/Src/stm32u5xx_hal_spi.o
 .text.SPI_CloseTransfer
                0x08005e8c      0x140 ./Drivers/STM32U5xx_HAL_Driver/Src/stm32u5xx_hal_spi.o
 .text.HAL_UART_Init
                0x08005fcc       0xa0 ./Drivers/STM32U5xx_HAL_Driver/Src/stm32u5xx_hal_uart.o
                0x08005fcc                HAL_UART_Init
 .text.HAL_UART_Transmit
                0x0800606c      0x13c ./Drivers/STM32U5xx_HAL_Driver/Src/stm32u5xx_hal_uart.o
                0x0800606c                HAL_UART_Transmit
 .text.UART_SetConfig
                0x080061a8      0x344 ./Drivers/STM32U5xx_HAL_Driver/Src/stm32u5xx_hal_uart.o
                0x080061a8                UART_SetConfig
 .text.UART_AdvFeatureConfig
                0x080064ec      0x144 ./Drivers/STM32U5xx_HAL_Driver/Src/stm32u5xx_hal_uart.o
                0x080064ec                UART_AdvFeatureConfig
 .text.UART_CheckIdleState
                0x08006630      0x154 ./Drivers/STM32U5xx_HAL_Driver/Src/stm32u5xx_hal_uart.o
                0x08006630                UART_CheckIdleState
 .text.UART_WaitOnFlagUntilTimeout
                0x08006784       0xda ./Drivers/STM32U5xx_HAL_Driver/Src/stm32u5xx_hal_uart.o
                0x08006784                UART_WaitOnFlagUntilTimeout
 .text.UART_EndRxTransfer
                0x0800685e       0xcc ./Drivers/STM32U5xx_HAL_Driver/Src/stm32u5xx_hal_uart.o
 .text.HAL_UARTEx_DisableFifoMode
                0x0800692a       0x72 ./Drivers/STM32U5xx_HAL_Driver/Src/stm32u5xx_hal_uart_ex.o
                0x0800692a                HAL_UARTEx_DisableFifoMode
 .text.HAL_UARTEx_SetTxFifoThreshold
                0x0800699c       0x7c ./Drivers/STM32U5xx_HAL_Driver/Src/stm32u5xx_hal_uart_ex.o
                0x0800699c                HAL_UARTEx_SetTxFifoThreshold
 .text.HAL_UARTEx_SetRxFifoThreshold
                0x08006a18       0x7c ./Drivers/STM32U5xx_HAL_Driver/Src/stm32u5xx_hal_uart_ex.o
                0x08006a18                HAL_UARTEx_SetRxFifoThreshold
 .text.UARTEx_SetNbDataToProcess
                0x08006a94       0x9c ./Drivers/STM32U5xx_HAL_Driver/Src/stm32u5xx_hal_uart_ex.o
 .text.memset   0x08006b30       0x10 C:/ST/STM32CubeIDE_1.19.0/STM32CubeIDE/plugins/com.st.stm32cube.ide.mcu.externaltools.gnu-tools-for-stm32.13.3.rel1.win32_1.0.0.202411081344/tools/bin/../lib/gcc/arm-none-eabi/13.3.1/../../../../arm-none-eabi/lib/thumb/v8-m.main+fp/hard\libc_nano.a(libc_a-memset.o)
                0x08006b30                memset
 .text.__libc_init_array
                0x08006b40       0x48 C:/ST/STM32CubeIDE_1.19.0/STM32CubeIDE/plugins/com.st.stm32cube.ide.mcu.externaltools.gnu-tools-for-stm32.13.3.rel1.win32_1.0.0.202411081344/tools/bin/../lib/gcc/arm-none-eabi/13.3.1/../../../../arm-none-eabi/lib/thumb/v8-m.main+fp/hard\libc_nano.a(libc_a-init.o)
                0x08006b40                __libc_init_array
 *(.glue_7)
 .glue_7        0x08006b88        0x0 linker stubs
 *(.glue_7t)
 .glue_7t       0x08006b88        0x0 linker stubs
 *(.eh_frame)
 .eh_frame      0x08006b88        0x0 C:/ST/STM32CubeIDE_1.19.0/STM32CubeIDE/plugins/com.st.stm32cube.ide.mcu.externaltools.gnu-tools-for-stm32.13.3.rel1.win32_1.0.0.202411081344/tools/bin/../lib/gcc/arm-none-eabi/13.3.1/thumb/v8-m.main+fp/hard/crtbegin.o
 *(.init)
 .init          0x08006b88        0x4 C:/ST/STM32CubeIDE_1.19.0/STM32CubeIDE/plugins/com.st.stm32cube.ide.mcu.externaltools.gnu-tools-for-stm32.13.3.rel1.win32_1.0.0.202411081344/tools/bin/../lib/gcc/arm-none-eabi/13.3.1/thumb/v8-m.main+fp/hard/crti.o
                0x08006b88                _init
 .init          0x08006b8c        0x8 C:/ST/STM32CubeIDE_1.19.0/STM32CubeIDE/plugins/com.st.stm32cube.ide.mcu.externaltools.gnu-tools-for-stm32.13.3.rel1.win32_1.0.0.202411081344/tools/bin/../lib/gcc/arm-none-eabi/13.3.1/thumb/v8-m.main+fp/hard/crtn.o
 *(.fini)
 .fini          0x08006b94        0x4 C:/ST/STM32CubeIDE_1.19.0/STM32CubeIDE/plugins/com.st.stm32cube.ide.mcu.externaltools.gnu-tools-for-stm32.13.3.rel1.win32_1.0.0.202411081344/tools/bin/../lib/gcc/arm-none-eabi/13.3.1/thumb/v8-m.main+fp/hard/crti.o
                0x08006b94                _fini
 .fini          0x08006b98        0x8 C:/ST/STM32CubeIDE_1.19.0/STM32CubeIDE/plugins/com.st.stm32cube.ide.mcu.externaltools.gnu-tools-for-stm32.13.3.rel1.win32_1.0.0.202411081344/tools/bin/../lib/gcc/arm-none-eabi/13.3.1/thumb/v8-m.main+fp/hard/crtn.o
                0x08006ba0                        _etext = .

.vfp11_veneer   0x08006ba0        0x0
 .vfp11_veneer  0x08006ba0        0x0 linker stubs

.v4_bx          0x08006ba0        0x0
 .v4_bx         0x08006ba0        0x0 linker stubs

.iplt           0x08006ba0        0x0
 .iplt          0x08006ba0        0x0 C:/ST/STM32CubeIDE_1.19.0/STM32CubeIDE/plugins/com.st.stm32cube.ide.mcu.externaltools.gnu-tools-for-stm32.13.3.rel1.win32_1.0.0.202411081344/tools/bin/../lib/gcc/arm-none-eabi/13.3.1/thumb/v8-m.main+fp/hard/crtbegin.o

.rodata         0x08006ba0      0x108
 *(.rodata)
 *(.rodata*)
 .rodata.hello_msg
                0x08006ba0        0x8 ./Core/Src/main.o
 .rodata.AHBPrescTable
                0x08006ba8       0x10 ./Core/Src/system_stm32u5xx.o
                0x08006ba8                AHBPrescTable
 .rodata.APBPrescTable
                0x08006bb8        0x8 ./Core/Src/system_stm32u5xx.o
                0x08006bb8                APBPrescTable
 .rodata.MSIRangeTable
                0x08006bc0       0x40 ./Core/Src/system_stm32u5xx.o
                0x08006bc0                MSIRangeTable
 .rodata.LPGPIO_Map
                0x08006c00       0x80 ./Drivers/STM32U5xx_HAL_Driver/Src/stm32u5xx_hal_gpio.o
 .rodata.UARTPrescTable
                0x08006c80       0x18 ./Drivers/STM32U5xx_HAL_Driver/Src/stm32u5xx_hal_uart.o
                0x08006c80                UARTPrescTable
 .rodata.numerator.1
                0x08006c98        0x8 ./Drivers/STM32U5xx_HAL_Driver/Src/stm32u5xx_hal_uart_ex.o
 .rodata.denominator.0
                0x08006ca0        0x8 ./Drivers/STM32U5xx_HAL_Driver/Src/stm32u5xx_hal_uart_ex.o

.ARM.extab
 *(.ARM.extab* .gnu.linkonce.armextab.*)

.ARM            0x08006ca8        0x8
                0x08006ca8                        __exidx_start = .
 *(.ARM.exidx*)
 .ARM.exidx     0x08006ca8        0x8 C:/ST/STM32CubeIDE_1.19.0/STM32CubeIDE/plugins/com.st.stm32cube.ide.mcu.externaltools.gnu-tools-for-stm32.13.3.rel1.win32_1.0.0.202411081344/tools/bin/../lib/gcc/arm-none-eabi/13.3.1/thumb/v8-m.main+fp/hard\libgcc.a(_udivmoddi4.o)
                0x08006cb0                        __exidx_end = .

.preinit_array  0x08006cb0        0x0
                0x08006cb0                        PROVIDE (__preinit_array_start = .)
 *(.preinit_array*)
                0x08006cb0                        PROVIDE (__preinit_array_end = .)

.init_array     0x08006cb0        0x4
                0x08006cb0                        PROVIDE (__init_array_start = .)
 *(SORT_BY_NAME(.init_array.*))
 *(.init_array*)
 .init_array    0x08006cb0        0x4 C:/ST/STM32CubeIDE_1.19.0/STM32CubeIDE/plugins/com.st.stm32cube.ide.mcu.externaltools.gnu-tools-for-stm32.13.3.rel1.win32_1.0.0.202411081344/tools/bin/../lib/gcc/arm-none-eabi/13.3.1/thumb/v8-m.main+fp/hard/crtbegin.o
                0x08006cb4                        PROVIDE (__init_array_end = .)

.fini_array     0x08006cb4        0x4
                [!provide]                        PROVIDE (__fini_array_start = .)
 *(SORT_BY_NAME(.fini_array.*))
 *(.fini_array*)
 .fini_array    0x08006cb4        0x4 C:/ST/STM32CubeIDE_1.19.0/STM32CubeIDE/plugins/com.st.stm32cube.ide.mcu.externaltools.gnu-tools-for-stm32.13.3.rel1.win32_1.0.0.202411081344/tools/bin/../lib/gcc/arm-none-eabi/13.3.1/thumb/v8-m.main+fp/hard/crtbegin.o
                [!provide]                        PROVIDE (__fini_array_end = .)
                0x08006cb8                        _sidata = LOADADDR (.data)

.rel.dyn        0x08006cb8        0x0
 .rel.iplt      0x08006cb8        0x0 C:/ST/STM32CubeIDE_1.19.0/STM32CubeIDE/plugins/com.st.stm32cube.ide.mcu.externaltools.gnu-tools-for-stm32.13.3.rel1.win32_1.0.0.202411081344/tools/bin/../lib/gcc/arm-none-eabi/13.3.1/thumb/v8-m.main+fp/hard/crtbegin.o

.data           0x20000000        0x9 load address 0x08006cb8
                0x20000000                        _sdata = .
 *(.data)
 *(.data*)
 .data.SystemCoreClock
                0x20000000        0x4 ./Core/Src/system_stm32u5xx.o
                0x20000000                SystemCoreClock
 .data.uwTickPrio
                0x20000004        0x4 ./Drivers/STM32U5xx_HAL_Driver/Src/stm32u5xx_hal.o
                0x20000004                uwTickPrio
 .data.uwTickFreq
                0x20000008        0x1 ./Drivers/STM32U5xx_HAL_Driver/Src/stm32u5xx_hal.o
                0x20000008                uwTickFreq
 *(.RamFunc)
 *(.RamFunc*)
                0x20000009                        _edata = .

.igot.plt       0x2000000c        0x0 load address 0x08006cc1
 .igot.plt      0x2000000c        0x0 C:/ST/STM32CubeIDE_1.19.0/STM32CubeIDE/plugins/com.st.stm32cube.ide.mcu.externaltools.gnu-tools-for-stm32.13.3.rel1.win32_1.0.0.202411081344/tools/bin/../lib/gcc/arm-none-eabi/13.3.1/thumb/v8-m.main+fp/hard/crtbegin.o

.bss            0x2000000c      0x418 load address 0x08006cc1
                0x2000000c                        _sbss = .
                0x2000000c                        __bss_start__ = _sbss
 *(.bss)
 .bss           0x2000000c       0x1c C:/ST/STM32CubeIDE_1.19.0/STM32CubeIDE/plugins/com.st.stm32cube.ide.mcu.externaltools.gnu-tools-for-stm32.13.3.rel1.win32_1.0.0.202411081344/tools/bin/../lib/gcc/arm-none-eabi/13.3.1/thumb/v8-m.main+fp/hard/crtbegin.o
 *(.bss*)
 .bss.huart2    0x20000028       0x94 ./Core/Src/main.o
                0x20000028                huart2
 .bss.hspi2     0x200000bc       0x90 ./Core/Src/main.o
                0x200000bc                hspi2
 .bss.handle_GPDMA1_Channel5
                0x2000014c       0x78 ./Core/Src/main.o
                0x2000014c                handle_GPDMA1_Channel5
 .bss.handle_GPDMA1_Channel4
                0x200001c4       0x78 ./Core/Src/main.o
                0x200001c4                handle_GPDMA1_Channel4
 .bss.handle_GPDMA1_Channel3
                0x2000023c       0x78 ./Core/Src/main.o
                0x2000023c                handle_GPDMA1_Channel3
 .bss.handle_GPDMA1_Channel2
                0x200002b4       0x78 ./Core/Src/main.o
                0x200002b4                handle_GPDMA1_Channel2
 .bss.handle_GPDMA1_Channel1
                0x2000032c       0x78 ./Core/Src/main.o
                0x2000032c                handle_GPDMA1_Channel1
 .bss.handle_GPDMA1_Channel0
                0x200003a4       0x78 ./Core/Src/main.o
                0x200003a4                handle_GPDMA1_Channel0
 .bss.last_hello_tick
                0x2000041c        0x4 ./Core/Src/main.o
 .bss.uwTick    0x20000420        0x4 ./Drivers/STM32U5xx_HAL_Driver/Src/stm32u5xx_hal.o
                0x20000420                uwTick
 *(COMMON)
                0x20000424                        _ebss = .
                0x20000424                        __bss_end__ = _ebss

._user_heap_stack
                0x20000424      0x604 load address 0x08006cc1
                0x20000428                        . = ALIGN (0x8)
 *fill*         0x20000424        0x4 
                [!provide]                        PROVIDE (end = .)
                0x20000428                        PROVIDE (_end = .)
                0x20000628                        . = (. + _Min_Heap_Size)
 *fill*         0x20000428      0x200 
                0x20000a28                        . = (. + _Min_Stack_Size)
 *fill*         0x20000628      0x400 
                0x20000a28                        . = ALIGN (0x8)

/DISCARD/
 libc.a(*)
 libm.a(*)
 libgcc.a(*)

.ARM.attributes
                0x00000000       0x36
 *(.ARM.attributes)
 .ARM.attributes
                0x00000000       0x26 C:/ST/STM32CubeIDE_1.19.0/STM32CubeIDE/plugins/com.st.stm32cube.ide.mcu.externaltools.gnu-tools-for-stm32.13.3.rel1.win32_1.0.0.202411081344/tools/bin/../lib/gcc/arm-none-eabi/13.3.1/thumb/v8-m.main+fp/hard/crti.o
 .ARM.attributes
                0x00000026       0x38 C:/ST/STM32CubeIDE_1.19.0/STM32CubeIDE/plugins/com.st.stm32cube.ide.mcu.externaltools.gnu-tools-for-stm32.13.3.rel1.win32_1.0.0.202411081344/tools/bin/../lib/gcc/arm-none-eabi/13.3.1/thumb/v8-m.main+fp/hard/crtbegin.o
 .ARM.attributes
                0x0000005e       0x3a ./Core/Src/main.o
 .ARM.attributes
                0x00000098       0x3a ./Core/Src/stm32u5xx_hal_msp.o
 .ARM.attributes
                0x000000d2       0x3a ./Core/Src/stm32u5xx_it.o
 .ARM.attributes
                0x0000010c       0x3a ./Core/Src/system_stm32u5xx.o
 .ARM.attributes
                0x00000146       0x24 ./Core/Startup/startup_stm32u585aiixq.o
 .ARM.attributes
                0x0000016a       0x3a ./Drivers/STM32U5xx_HAL_Driver/Src/stm32u5xx_hal.o
 .ARM.attributes
                0x000001a4       0x3a ./Drivers/STM32U5xx_HAL_Driver/Src/stm32u5xx_hal_cortex.o
 .ARM.attributes
                0x000001de       0x3a ./Drivers/STM32U5xx_HAL_Driver/Src/stm32u5xx_hal_dma.o
 .ARM.attributes
                0x00000218       0x3a ./Drivers/STM32U5xx_HAL_Driver/Src/stm32u5xx_hal_gpio.o
 .ARM.attributes
                0x00000252       0x3a ./Drivers/STM32U5xx_HAL_Driver/Src/stm32u5xx_hal_pwr_ex.o
 .ARM.attributes
                0x0000028c       0x3a ./Drivers/STM32U5xx_HAL_Driver/Src/stm32u5xx_hal_rcc.o
 .ARM.attributes
                0x000002c6       0x3a ./Drivers/STM32U5xx_HAL_Driver/Src/stm32u5xx_hal_rcc_ex.o
 .ARM.attributes
                0x00000300       0x3a ./Drivers/STM32U5xx_HAL_Driver/Src/stm32u5xx_hal_spi.o
 .ARM.attributes
                0x0000033a       0x3a ./Drivers/STM32U5xx_HAL_Driver/Src/stm32u5xx_hal_uart.o
 .ARM.attributes
                0x00000374       0x3a ./Drivers/STM32U5xx_HAL_Driver/Src/stm32u5xx_hal_uart_ex.o
 .ARM.attributes
                0x000003ae       0x38 C:/ST/STM32CubeIDE_1.19.0/STM32CubeIDE/plugins/com.st.stm32cube.ide.mcu.externaltools.gnu-tools-for-stm32.13.3.rel1.win32_1.0.0.202411081344/tools/bin/../lib/gcc/arm-none-eabi/13.3.1/../../../../arm-none-eabi/lib/thumb/v8-m.main+fp/hard\libc_nano.a(libc_a-memset.o)
 .ARM.attributes
                0x000003e6       0x38 C:/ST/STM32CubeIDE_1.19.0/STM32CubeIDE/plugins/com.st.stm32cube.ide.mcu.externaltools.gnu-tools-for-stm32.13.3.rel1.win32_1.0.0.202411081344/tools/bin/../lib/gcc/arm-none-eabi/13.3.1/../../../../arm-none-eabi/lib/thumb/v8-m.main+fp/hard\libc_nano.a(libc_a-init.o)
 .ARM.attributes
                0x0000041e       0x26 C:/ST/STM32CubeIDE_1.19.0/STM32CubeIDE/plugins/com.st.stm32cube.ide.mcu.externaltools.gnu-tools-for-stm32.13.3.rel1.win32_1.0.0.202411081344/tools/bin/../lib/gcc/arm-none-eabi/13.3.1/thumb/v8-m.main+fp/hard\libgcc.a(_aeabi_uldivmod.o)
 .ARM.attributes
                0x00000444       0x38 C:/ST/STM32CubeIDE_1.19.0/STM32CubeIDE/plugins/com.st.stm32cube.ide.mcu.externaltools.gnu-tools-for-stm32.13.3.rel1.win32_1.0.0.202411081344/tools/bin/../lib/gcc/arm-none-eabi/13.3.1/thumb/v8-m.main+fp/hard\libgcc.a(_udivmoddi4.o)
 .ARM.attributes
                0x0000047c       0x26 C:/ST/STM32CubeIDE_1.19.0/STM32CubeIDE/plugins/com.st.stm32cube.ide.mcu.externaltools.gnu-tools-for-stm32.13.3.rel1.win32_1.0.0.202411081344/tools/bin/../lib/gcc/arm-none-eabi/13.3.1/thumb/v8-m.main+fp/hard\libgcc.a(_dvmd_tls.o)
 .ARM.attributes
                0x000004a2       0x26 C:/ST/STM32CubeIDE_1.19.0/STM32CubeIDE/plugins/com.st.stm32cube.ide.mcu.externaltools.gnu-tools-for-stm32.13.3.rel1.win32_1.0.0.202411081344/tools/bin/../lib/gcc/arm-none-eabi/13.3.1/thumb/v8-m.main+fp/hard/crtn.o
OUTPUT(Dell_2_Steval.elf elf32-littlearm)
LOAD linker stubs
LOAD C:/ST/STM32CubeIDE_1.19.0/STM32CubeIDE/plugins/com.st.stm32cube.ide.mcu.externaltools.gnu-tools-for-stm32.13.3.rel1.win32_1.0.0.202411081344/tools/bin/../lib/gcc/arm-none-eabi/13.3.1/../../../../arm-none-eabi/lib/thumb/v8-m.main+fp/hard\libc.a
LOAD C:/ST/STM32CubeIDE_1.19.0/STM32CubeIDE/plugins/com.st.stm32cube.ide.mcu.externaltools.gnu-tools-for-stm32.13.3.rel1.win32_1.0.0.202411081344/tools/bin/../lib/gcc/arm-none-eabi/13.3.1/../../../../arm-none-eabi/lib/thumb/v8-m.main+fp/hard\libm.a
LOAD C:/ST/STM32CubeIDE_1.19.0/STM32CubeIDE/plugins/com.st.stm32cube.ide.mcu.externaltools.gnu-tools-for-stm32.13.3.rel1.win32_1.0.0.202411081344/tools/bin/../lib/gcc/arm-none-eabi/13.3.1/thumb/v8-m.main+fp/hard\libgcc.a

.debug_info     0x00000000    0x14812
 .debug_info    0x00000000     0x1698 ./Core/Src/main.o
 .debug_info    0x00001698     0x43a6 ./Core/Src/stm32u5xx_hal_msp.o
 .debug_info    0x00005a3e      0xb16 ./Core/Src/stm32u5xx_it.o
 .debug_info    0x00006554      0x929 ./Core/Src/system_stm32u5xx.o
 .debug_info    0x00006e7d       0x30 ./Core/Startup/startup_stm32u585aiixq.o
 .debug_info    0x00006ead     0x120a ./Drivers/STM32U5xx_HAL_Driver/Src/stm32u5xx_hal.o
 .debug_info    0x000080b7     0x1658 ./Drivers/STM32U5xx_HAL_Driver/Src/stm32u5xx_hal_cortex.o
 .debug_info    0x0000970f      0xadc ./Drivers/STM32U5xx_HAL_Driver/Src/stm32u5xx_hal_dma.o
 .debug_info    0x0000a1eb      0x859 ./Drivers/STM32U5xx_HAL_Driver/Src/stm32u5xx_hal_gpio.o
 .debug_info    0x0000aa44      0xe3e ./Drivers/STM32U5xx_HAL_Driver/Src/stm32u5xx_hal_pwr_ex.o
 .debug_info    0x0000b882     0x11f0 ./Drivers/STM32U5xx_HAL_Driver/Src/stm32u5xx_hal_rcc.o
 .debug_info    0x0000ca72     0x158b ./Drivers/STM32U5xx_HAL_Driver/Src/stm32u5xx_hal_rcc_ex.o
 .debug_info    0x0000dffd     0x15c7 ./Drivers/STM32U5xx_HAL_Driver/Src/stm32u5xx_hal_spi.o
 .debug_info    0x0000f5c4     0x405f ./Drivers/STM32U5xx_HAL_Driver/Src/stm32u5xx_hal_uart.o
 .debug_info    0x00013623     0x11ef ./Drivers/STM32U5xx_HAL_Driver/Src/stm32u5xx_hal_uart_ex.o

.debug_abbrev   0x00000000     0x21e8
 .debug_abbrev  0x00000000      0x237 ./Core/Src/main.o
 .debug_abbrev  0x00000237      0x2ee ./Core/Src/stm32u5xx_hal_msp.o
 .debug_abbrev  0x00000525      0x1b5 ./Core/Src/stm32u5xx_it.o
 .debug_abbrev  0x000006da      0x129 ./Core/Src/system_stm32u5xx.o
 .debug_abbrev  0x00000803       0x24 ./Core/Startup/startup_stm32u585aiixq.o
 .debug_abbrev  0x00000827      0x2a5 ./Drivers/STM32U5xx_HAL_Driver/Src/stm32u5xx_hal.o
 .debug_abbrev  0x00000acc      0x311 ./Drivers/STM32U5xx_HAL_Driver/Src/stm32u5xx_hal_cortex.o
 .debug_abbrev  0x00000ddd      0x1ff ./Drivers/STM32U5xx_HAL_Driver/Src/stm32u5xx_hal_dma.o
 .debug_abbrev  0x00000fdc      0x25a ./Drivers/STM32U5xx_HAL_Driver/Src/stm32u5xx_hal_gpio.o
 .debug_abbrev  0x00001236      0x215 ./Drivers/STM32U5xx_HAL_Driver/Src/stm32u5xx_hal_pwr_ex.o
 .debug_abbrev  0x0000144b      0x2cb ./Drivers/STM32U5xx_HAL_Driver/Src/stm32u5xx_hal_rcc.o
 .debug_abbrev  0x00001716      0x23d ./Drivers/STM32U5xx_HAL_Driver/Src/stm32u5xx_hal_rcc_ex.o
 .debug_abbrev  0x00001953      0x2bc ./Drivers/STM32U5xx_HAL_Driver/Src/stm32u5xx_hal_spi.o
 .debug_abbrev  0x00001c0f      0x305 ./Drivers/STM32U5xx_HAL_Driver/Src/stm32u5xx_hal_uart.o
 .debug_abbrev  0x00001f14      0x2d4 ./Drivers/STM32U5xx_HAL_Driver/Src/stm32u5xx_hal_uart_ex.o

.debug_aranges  0x00000000      0xec0
 .debug_aranges
                0x00000000       0x48 ./Core/Src/main.o
 .debug_aranges
                0x00000048       0xd0 ./Core/Src/stm32u5xx_hal_msp.o
 .debug_aranges
                0x00000118      0x108 ./Core/Src/stm32u5xx_it.o
 .debug_aranges
                0x00000220       0x28 ./Core/Src/system_stm32u5xx.o
 .debug_aranges
                0x00000248       0x28 ./Core/Startup/startup_stm32u585aiixq.o
 .debug_aranges
                0x00000270      0x148 ./Drivers/STM32U5xx_HAL_Driver/Src/stm32u5xx_hal.o
 .debug_aranges
                0x000003b8      0x140 ./Drivers/STM32U5xx_HAL_Driver/Src/stm32u5xx_hal_cortex.o
 .debug_aranges
                0x000004f8       0xa0 ./Drivers/STM32U5xx_HAL_Driver/Src/stm32u5xx_hal_dma.o
 .debug_aranges
                0x00000598       0x78 ./Drivers/STM32U5xx_HAL_Driver/Src/stm32u5xx_hal_gpio.o
 .debug_aranges
                0x00000610      0x200 ./Drivers/STM32U5xx_HAL_Driver/Src/stm32u5xx_hal_pwr_ex.o
 .debug_aranges
                0x00000810       0xa8 ./Drivers/STM32U5xx_HAL_Driver/Src/stm32u5xx_hal_rcc.o
 .debug_aranges
                0x000008b8      0x160 ./Drivers/STM32U5xx_HAL_Driver/Src/stm32u5xx_hal_rcc_ex.o
 .debug_aranges
                0x00000a18      0x1a8 ./Drivers/STM32U5xx_HAL_Driver/Src/stm32u5xx_hal_spi.o
 .debug_aranges
                0x00000bc0      0x248 ./Drivers/STM32U5xx_HAL_Driver/Src/stm32u5xx_hal_uart.o
 .debug_aranges
                0x00000e08       0xb8 ./Drivers/STM32U5xx_HAL_Driver/Src/stm32u5xx_hal_uart_ex.o

.debug_rnglists
                0x00000000      0xb6c
 .debug_rnglists
                0x00000000       0x34 ./Core/Src/main.o
 .debug_rnglists
                0x00000034       0xa6 ./Core/Src/stm32u5xx_hal_msp.o
 .debug_rnglists
                0x000000da       0xc1 ./Core/Src/stm32u5xx_it.o
 .debug_rnglists
                0x0000019b       0x1a ./Core/Src/system_stm32u5xx.o
 .debug_rnglists
                0x000001b5       0x19 ./Core/Startup/startup_stm32u585aiixq.o
 .debug_rnglists
                0x000001ce       0xf3 ./Drivers/STM32U5xx_HAL_Driver/Src/stm32u5xx_hal.o
 .debug_rnglists
                0x000002c1       0xec ./Drivers/STM32U5xx_HAL_Driver/Src/stm32u5xx_hal_cortex.o
 .debug_rnglists
                0x000003ad       0x7e ./Drivers/STM32U5xx_HAL_Driver/Src/stm32u5xx_hal_dma.o
 .debug_rnglists
                0x0000042b       0x5a ./Drivers/STM32U5xx_HAL_Driver/Src/stm32u5xx_hal_gpio.o
 .debug_rnglists
                0x00000485      0x186 ./Drivers/STM32U5xx_HAL_Driver/Src/stm32u5xx_hal_pwr_ex.o
 .debug_rnglists
                0x0000060b       0x7f ./Drivers/STM32U5xx_HAL_Driver/Src/stm32u5xx_hal_rcc.o
 .debug_rnglists
                0x0000068a      0x113 ./Drivers/STM32U5xx_HAL_Driver/Src/stm32u5xx_hal_rcc_ex.o
 .debug_rnglists
                0x0000079d      0x148 ./Drivers/STM32U5xx_HAL_Driver/Src/stm32u5xx_hal_spi.o
 .debug_rnglists
                0x000008e5      0x1fb ./Drivers/STM32U5xx_HAL_Driver/Src/stm32u5xx_hal_uart.o
 .debug_rnglists
                0x00000ae0       0x8c ./Drivers/STM32U5xx_HAL_Driver/Src/stm32u5xx_hal_uart_ex.o

.debug_macro    0x00000000    0x399d3
 .debug_macro   0x00000000      0x399 ./Core/Src/main.o
 .debug_macro   0x00000399      0xade ./Core/Src/main.o
 .debug_macro   0x00000e77      0x237 ./Core/Src/main.o
 .debug_macro   0x000010ae       0x2e ./Core/Src/main.o
 .debug_macro   0x000010dc       0x42 ./Core/Src/main.o
 .debug_macro   0x0000111e       0x22 ./Core/Src/main.o
 .debug_macro   0x00001140       0x8e ./Core/Src/main.o
 .debug_macro   0x000011ce       0x51 ./Core/Src/main.o
 .debug_macro   0x0000121f      0x103 ./Core/Src/main.o
 .debug_macro   0x00001322       0x6a ./Core/Src/main.o
 .debug_macro   0x0000138c      0x1df ./Core/Src/main.o
 .debug_macro   0x0000156b       0x1c ./Core/Src/main.o
 .debug_macro   0x00001587       0x29 ./Core/Src/main.o
 .debug_macro   0x000015b0       0xfb ./Core/Src/main.o
 .debug_macro   0x000016ab     0x1685 ./Core/Src/main.o
 .debug_macro   0x00002d30       0x5e ./Core/Src/main.o
 .debug_macro   0x00002d8e    0x23d05 ./Core/Src/main.o
 .debug_macro   0x00026a93       0x6d ./Core/Src/main.o
 .debug_macro   0x00026b00     0x393e ./Core/Src/main.o
 .debug_macro   0x0002a43e      0x190 ./Core/Src/main.o
 .debug_macro   0x0002a5ce       0x61 ./Core/Src/main.o
 .debug_macro   0x0002a62f       0x2a ./Core/Src/main.o
 .debug_macro   0x0002a659       0x43 ./Core/Src/main.o
 .debug_macro   0x0002a69c       0x34 ./Core/Src/main.o
 .debug_macro   0x0002a6d0      0x370 ./Core/Src/main.o
 .debug_macro   0x0002aa40       0x16 ./Core/Src/main.o
 .debug_macro   0x0002aa56       0x4a ./Core/Src/main.o
 .debug_macro   0x0002aaa0       0x34 ./Core/Src/main.o
 .debug_macro   0x0002aad4       0x10 ./Core/Src/main.o
 .debug_macro   0x0002aae4       0x58 ./Core/Src/main.o
 .debug_macro   0x0002ab3c       0x8e ./Core/Src/main.o
 .debug_macro   0x0002abca       0x1c ./Core/Src/main.o
 .debug_macro   0x0002abe6      0x185 ./Core/Src/main.o
 .debug_macro   0x0002ad6b      0x19b ./Core/Src/main.o
 .debug_macro   0x0002af06       0x5d ./Core/Src/main.o
 .debug_macro   0x0002af63     0x1bfd ./Core/Src/main.o
 .debug_macro   0x0002cb60      0x7ff ./Core/Src/main.o
 .debug_macro   0x0002d35f      0x166 ./Core/Src/main.o
 .debug_macro   0x0002d4c5      0x2aa ./Core/Src/main.o
 .debug_macro   0x0002d76f       0xc9 ./Core/Src/main.o
 .debug_macro   0x0002d838      0x5a5 ./Core/Src/main.o
 .debug_macro   0x0002dddd      0x439 ./Core/Src/main.o
 .debug_macro   0x0002e216       0xd6 ./Core/Src/main.o
 .debug_macro   0x0002e2ec      0x1cd ./Core/Src/main.o
 .debug_macro   0x0002e4b9     0x1415 ./Core/Src/main.o
 .debug_macro   0x0002f8ce      0x950 ./Core/Src/main.o
 .debug_macro   0x0003021e      0x2cd ./Core/Src/main.o
 .debug_macro   0x000304eb      0x1ca ./Core/Src/main.o
 .debug_macro   0x000306b5       0xe5 ./Core/Src/main.o
 .debug_macro   0x0003079a      0x432 ./Core/Src/main.o
 .debug_macro   0x00030bcc       0x95 ./Core/Src/main.o
 .debug_macro   0x00030c61      0x11c ./Core/Src/main.o
 .debug_macro   0x00030d7d      0x23a ./Core/Src/main.o
 .debug_macro   0x00030fb7      0x123 ./Core/Src/main.o
 .debug_macro   0x000310da       0xa5 ./Core/Src/main.o
 .debug_macro   0x0003117f      0x525 ./Core/Src/main.o
 .debug_macro   0x000316a4      0x4bf ./Core/Src/main.o
 .debug_macro   0x00031b63      0x328 ./Core/Src/main.o
 .debug_macro   0x00031e8b      0x916 ./Core/Src/main.o
 .debug_macro   0x000327a1       0xe4 ./Core/Src/main.o
 .debug_macro   0x00032885      0x3ad ./Core/Src/main.o
 .debug_macro   0x00032c32       0x10 ./Core/Src/main.o
 .debug_macro   0x00032c42       0xe4 ./Core/Src/main.o
 .debug_macro   0x00032d26      0xa0c ./Core/Src/main.o
 .debug_macro   0x00033732       0x1c ./Core/Src/main.o
 .debug_macro   0x0003374e      0x1ce ./Core/Src/main.o
 .debug_macro   0x0003391c       0x28 ./Core/Src/main.o
 .debug_macro   0x00033944      0x5cf ./Core/Src/main.o
 .debug_macro   0x00033f13       0xee ./Core/Src/main.o
 .debug_macro   0x00034001       0xeb ./Core/Src/main.o
 .debug_macro   0x000340ec      0xbcc ./Core/Src/main.o
 .debug_macro   0x00034cb8      0x4ea ./Core/Src/main.o
 .debug_macro   0x000351a2      0x677 ./Core/Src/main.o
 .debug_macro   0x00035819      0x1a1 ./Core/Src/main.o
 .debug_macro   0x000359ba      0x2b6 ./Core/Src/main.o
 .debug_macro   0x00035c70       0x82 ./Core/Src/main.o
 .debug_macro   0x00035cf2      0x1c0 ./Core/Src/main.o
 .debug_macro   0x00035eb2      0x558 ./Core/Src/main.o
 .debug_macro   0x0003640a      0x361 ./Core/Src/main.o
 .debug_macro   0x0003676b      0x2c2 ./Core/Src/main.o
 .debug_macro   0x00036a2d      0x37b ./Core/Src/stm32u5xx_hal_msp.o
 .debug_macro   0x00036da8      0x385 ./Core/Src/stm32u5xx_it.o
 .debug_macro   0x0003712d      0x373 ./Core/Src/system_stm32u5xx.o
 .debug_macro   0x000374a0      0x390 ./Drivers/STM32U5xx_HAL_Driver/Src/stm32u5xx_hal.o
 .debug_macro   0x00037830      0x36c ./Drivers/STM32U5xx_HAL_Driver/Src/stm32u5xx_hal_cortex.o
 .debug_macro   0x00037b9c      0x36d ./Drivers/STM32U5xx_HAL_Driver/Src/stm32u5xx_hal_dma.o
 .debug_macro   0x00037f09      0x3a1 ./Drivers/STM32U5xx_HAL_Driver/Src/stm32u5xx_hal_gpio.o
 .debug_macro   0x000382aa      0x397 ./Drivers/STM32U5xx_HAL_Driver/Src/stm32u5xx_hal_pwr_ex.o
 .debug_macro   0x00038641      0x472 ./Drivers/STM32U5xx_HAL_Driver/Src/stm32u5xx_hal_rcc.o
 .debug_macro   0x00038ab3      0x49d ./Drivers/STM32U5xx_HAL_Driver/Src/stm32u5xx_hal_rcc_ex.o
 .debug_macro   0x00038f50      0x374 ./Drivers/STM32U5xx_HAL_Driver/Src/stm32u5xx_hal_spi.o
 .debug_macro   0x000392c4      0x397 ./Drivers/STM32U5xx_HAL_Driver/Src/stm32u5xx_hal_uart.o
 .debug_macro   0x0003965b      0x378 ./Drivers/STM32U5xx_HAL_Driver/Src/stm32u5xx_hal_uart_ex.o

.debug_line     0x00000000    0x14052
 .debug_line    0x00000000      0xbfd ./Core/Src/main.o
 .debug_line    0x00000bfd     0x1370 ./Core/Src/stm32u5xx_hal_msp.o
 .debug_line    0x00001f6d      0xd33 ./Core/Src/stm32u5xx_it.o
 .debug_line    0x00002ca0      0xb90 ./Core/Src/system_stm32u5xx.o
 .debug_line    0x00003830       0x79 ./Core/Startup/startup_stm32u585aiixq.o
 .debug_line    0x000038a9      0xf35 ./Drivers/STM32U5xx_HAL_Driver/Src/stm32u5xx_hal.o
 .debug_line    0x000047de     0x10df ./Drivers/STM32U5xx_HAL_Driver/Src/stm32u5xx_hal_cortex.o
 .debug_line    0x000058bd     0x151e ./Drivers/STM32U5xx_HAL_Driver/Src/stm32u5xx_hal_dma.o
 .debug_line    0x00006ddb     0x103e ./Drivers/STM32U5xx_HAL_Driver/Src/stm32u5xx_hal_gpio.o
 .debug_line    0x00007e19     0x141c ./Drivers/STM32U5xx_HAL_Driver/Src/stm32u5xx_hal_pwr_ex.o
 .debug_line    0x00009235     0x191c ./Drivers/STM32U5xx_HAL_Driver/Src/stm32u5xx_hal_rcc.o
 .debug_line    0x0000ab51     0x2585 ./Drivers/STM32U5xx_HAL_Driver/Src/stm32u5xx_hal_rcc_ex.o
 .debug_line    0x0000d0d6     0x27a5 ./Drivers/STM32U5xx_HAL_Driver/Src/stm32u5xx_hal_spi.o
 .debug_line    0x0000f87b     0x3709 ./Drivers/STM32U5xx_HAL_Driver/Src/stm32u5xx_hal_uart.o
 .debug_line    0x00012f84     0x10ce ./Drivers/STM32U5xx_HAL_Driver/Src/stm32u5xx_hal_uart_ex.o

.debug_str      0x00000000   0x18100d
 .debug_str     0x00000000   0x18100d ./Core/Src/main.o
                             0x17946a (size before relaxing)
 .debug_str     0x0018100d   0x17b5d9 ./Core/Src/stm32u5xx_hal_msp.o
 .debug_str     0x0018100d   0x178dbf ./Core/Src/stm32u5xx_it.o
 .debug_str     0x0018100d   0x177ceb ./Core/Src/system_stm32u5xx.o
 .debug_str     0x0018100d       0x7b ./Core/Startup/startup_stm32u585aiixq.o
 .debug_str     0x0018100d   0x178b97 ./Drivers/STM32U5xx_HAL_Driver/Src/stm32u5xx_hal.o
 .debug_str     0x0018100d   0x178966 ./Drivers/STM32U5xx_HAL_Driver/Src/stm32u5xx_hal_cortex.o
 .debug_str     0x0018100d   0x17806f ./Drivers/STM32U5xx_HAL_Driver/Src/stm32u5xx_hal_dma.o
 .debug_str     0x0018100d   0x177d10 ./Drivers/STM32U5xx_HAL_Driver/Src/stm32u5xx_hal_gpio.o
 .debug_str     0x0018100d   0x17842b ./Drivers/STM32U5xx_HAL_Driver/Src/stm32u5xx_hal_pwr_ex.o
 .debug_str     0x0018100d   0x1793e0 ./Drivers/STM32U5xx_HAL_Driver/Src/stm32u5xx_hal_rcc.o
 .debug_str     0x0018100d   0x17a6d3 ./Drivers/STM32U5xx_HAL_Driver/Src/stm32u5xx_hal_rcc_ex.o
 .debug_str     0x0018100d   0x1785df ./Drivers/STM32U5xx_HAL_Driver/Src/stm32u5xx_hal_spi.o
 .debug_str     0x0018100d   0x1789b2 ./Drivers/STM32U5xx_HAL_Driver/Src/stm32u5xx_hal_uart.o
 .debug_str     0x0018100d   0x178464 ./Drivers/STM32U5xx_HAL_Driver/Src/stm32u5xx_hal_uart_ex.o

.comment        0x00000000       0x43
 .comment       0x00000000       0x43 ./Core/Src/main.o
                                 0x44 (size before relaxing)
 .comment       0x00000043       0x44 ./Core/Src/stm32u5xx_hal_msp.o
 .comment       0x00000043       0x44 ./Core/Src/stm32u5xx_it.o
 .comment       0x00000043       0x44 ./Core/Src/system_stm32u5xx.o
 .comment       0x00000043       0x44 ./Drivers/STM32U5xx_HAL_Driver/Src/stm32u5xx_hal.o
 .comment       0x00000043       0x44 ./Drivers/STM32U5xx_HAL_Driver/Src/stm32u5xx_hal_cortex.o
 .comment       0x00000043       0x44 ./Drivers/STM32U5xx_HAL_Driver/Src/stm32u5xx_hal_dma.o
 .comment       0x00000043       0x44 ./Drivers/STM32U5xx_HAL_Driver/Src/stm32u5xx_hal_gpio.o
 .comment       0x00000043       0x44 ./Drivers/STM32U5xx_HAL_Driver/Src/stm32u5xx_hal_pwr_ex.o
 .comment       0x00000043       0x44 ./Drivers/STM32U5xx_HAL_Driver/Src/stm32u5xx_hal_rcc.o
 .comment       0x00000043       0x44 ./Drivers/STM32U5xx_HAL_Driver/Src/stm32u5xx_hal_rcc_ex.o
 .comment       0x00000043       0x44 ./Drivers/STM32U5xx_HAL_Driver/Src/stm32u5xx_hal_spi.o
 .comment       0x00000043       0x44 ./Drivers/STM32U5xx_HAL_Driver/Src/stm32u5xx_hal_uart.o
 .comment       0x00000043       0x44 ./Drivers/STM32U5xx_HAL_Driver/Src/stm32u5xx_hal_uart_ex.o

.debug_frame    0x00000000     0x3d94
 .debug_frame   0x00000000       0xd0 ./Core/Src/main.o
 .debug_frame   0x000000d0      0x374 ./Core/Src/stm32u5xx_hal_msp.o
 .debug_frame   0x00000444      0x350 ./Core/Src/stm32u5xx_it.o
 .debug_frame   0x00000794       0x58 ./Core/Src/system_stm32u5xx.o
 .debug_frame   0x000007ec      0x500 ./Drivers/STM32U5xx_HAL_Driver/Src/stm32u5xx_hal.o
 .debug_frame   0x00000cec      0x560 ./Drivers/STM32U5xx_HAL_Driver/Src/stm32u5xx_hal_cortex.o
 .debug_frame   0x0000124c      0x2a0 ./Drivers/STM32U5xx_HAL_Driver/Src/stm32u5xx_hal_dma.o
 .debug_frame   0x000014ec      0x1ec ./Drivers/STM32U5xx_HAL_Driver/Src/stm32u5xx_hal_gpio.o
 .debug_frame   0x000016d8      0x84c ./Drivers/STM32U5xx_HAL_Driver/Src/stm32u5xx_hal_pwr_ex.o
 .debug_frame   0x00001f24      0x288 ./Drivers/STM32U5xx_HAL_Driver/Src/stm32u5xx_hal_rcc.o
 .debug_frame   0x000021ac      0x5f4 ./Drivers/STM32U5xx_HAL_Driver/Src/stm32u5xx_hal_rcc_ex.o
 .debug_frame   0x000027a0      0x7ac ./Drivers/STM32U5xx_HAL_Driver/Src/stm32u5xx_hal_spi.o
 .debug_frame   0x00002f4c      0xa84 ./Drivers/STM32U5xx_HAL_Driver/Src/stm32u5xx_hal_uart.o
 .debug_frame   0x000039d0      0x314 ./Drivers/STM32U5xx_HAL_Driver/Src/stm32u5xx_hal_uart_ex.o
 .debug_frame   0x00003ce4       0x20 C:/ST/STM32CubeIDE_1.19.0/STM32CubeIDE/plugins/com.st.stm32cube.ide.mcu.externaltools.gnu-tools-for-stm32.13.3.rel1.win32_1.0.0.202411081344/tools/bin/../lib/gcc/arm-none-eabi/13.3.1/../../../../arm-none-eabi/lib/thumb/v8-m.main+fp/hard\libc_nano.a(libc_a-memset.o)
 .debug_frame   0x00003d04       0x2c C:/ST/STM32CubeIDE_1.19.0/STM32CubeIDE/plugins/com.st.stm32cube.ide.mcu.externaltools.gnu-tools-for-stm32.13.3.rel1.win32_1.0.0.202411081344/tools/bin/../lib/gcc/arm-none-eabi/13.3.1/../../../../arm-none-eabi/lib/thumb/v8-m.main+fp/hard\libc_nano.a(libc_a-init.o)
 .debug_frame   0x00003d30       0x2c C:/ST/STM32CubeIDE_1.19.0/STM32CubeIDE/plugins/com.st.stm32cube.ide.mcu.externaltools.gnu-tools-for-stm32.13.3.rel1.win32_1.0.0.202411081344/tools/bin/../lib/gcc/arm-none-eabi/13.3.1/thumb/v8-m.main+fp/hard\libgcc.a(_aeabi_uldivmod.o)
 .debug_frame   0x00003d5c       0x38 C:/ST/STM32CubeIDE_1.19.0/STM32CubeIDE/plugins/com.st.stm32cube.ide.mcu.externaltools.gnu-tools-for-stm32.13.3.rel1.win32_1.0.0.202411081344/tools/bin/../lib/gcc/arm-none-eabi/13.3.1/thumb/v8-m.main+fp/hard\libgcc.a(_udivmoddi4.o)

.debug_line_str
                0x00000000       0x5f
 .debug_line_str
                0x00000000       0x5f ./Core/Startup/startup_stm32u585aiixq.o
